Archive member included to satisfy reference by file (symbol)

E:/lky/xPack GNU RISC-V Embedded GCC/xpack-riscv-none-elf-gcc-15.2.0-1/bin/../lib/gcc/riscv-none-elf/15.2.0/../../../../riscv-none-elf/lib/rv32i/ilp32\libc.a(libc_a-printf.o)
                              main.o (printf)
E:/lky/xPack GNU RISC-V Embedded GCC/xpack-riscv-none-elf-gcc-15.2.0-1/bin/../lib/gcc/riscv-none-elf/15.2.0/../../../../riscv-none-elf/lib/rv32i/ilp32\libc.a(libc_a-puts.o)
                              main.o (puts)
E:/lky/xPack GNU RISC-V Embedded GCC/xpack-riscv-none-elf-gcc-15.2.0-1/bin/../lib/gcc/riscv-none-elf/15.2.0/../../../../riscv-none-elf/lib/rv32i/ilp32\libc.a(libc_a-impure.o)
                              E:/lky/xPack GNU RISC-V Embedded GCC/xpack-riscv-none-elf-gcc-15.2.0-1/bin/../lib/gcc/riscv-none-elf/15.2.0/../../../../riscv-none-elf/lib/rv32i/ilp32\libc.a(libc_a-printf.o) (_impure_ptr)
E:/lky/xPack GNU RISC-V Embedded GCC/xpack-riscv-none-elf-gcc-15.2.0-1/bin/../lib/gcc/riscv-none-elf/15.2.0/../../../../riscv-none-elf/lib/rv32i/ilp32\libc.a(libc_a-lock.o)
                              E:/lky/xPack GNU RISC-V Embedded GCC/xpack-riscv-none-elf-gcc-15.2.0-1/bin/../lib/gcc/riscv-none-elf/15.2.0/../../../../riscv-none-elf/lib/rv32i/ilp32\libc.a(libc_a-puts.o) (__retarget_lock_acquire_recursive)
E:/lky/xPack GNU RISC-V Embedded GCC/xpack-riscv-none-elf-gcc-15.2.0-1/bin/../lib/gcc/riscv-none-elf/15.2.0/../../../../riscv-none-elf/lib/rv32i/ilp32\libc.a(libc_a-strlen.o)
                              E:/lky/xPack GNU RISC-V Embedded GCC/xpack-riscv-none-elf-gcc-15.2.0-1/bin/../lib/gcc/riscv-none-elf/15.2.0/../../../../riscv-none-elf/lib/rv32i/ilp32\libc.a(libc_a-puts.o) (strlen)
E:/lky/xPack GNU RISC-V Embedded GCC/xpack-riscv-none-elf-gcc-15.2.0-1/bin/../lib/gcc/riscv-none-elf/15.2.0/../../../../riscv-none-elf/lib/rv32i/ilp32\libc.a(libc_a-vfprintf.o)
                              E:/lky/xPack GNU RISC-V Embedded GCC/xpack-riscv-none-elf-gcc-15.2.0-1/bin/../lib/gcc/riscv-none-elf/15.2.0/../../../../riscv-none-elf/lib/rv32i/ilp32\libc.a(libc_a-printf.o) (_vfprintf_r)
E:/lky/xPack GNU RISC-V Embedded GCC/xpack-riscv-none-elf-gcc-15.2.0-1/bin/../lib/gcc/riscv-none-elf/15.2.0/../../../../riscv-none-elf/lib/rv32i/ilp32\libc.a(libc_a-sprint_r.o)
                              E:/lky/xPack GNU RISC-V Embedded GCC/xpack-riscv-none-elf-gcc-15.2.0-1/bin/../lib/gcc/riscv-none-elf/15.2.0/../../../../riscv-none-elf/lib/rv32i/ilp32\libc.a(libc_a-vfprintf.o) (__sprint_r)
E:/lky/xPack GNU RISC-V Embedded GCC/xpack-riscv-none-elf-gcc-15.2.0-1/bin/../lib/gcc/riscv-none-elf/15.2.0/../../../../riscv-none-elf/lib/rv32i/ilp32\libc.a(libc_a-fflush.o)
                              E:/lky/xPack GNU RISC-V Embedded GCC/xpack-riscv-none-elf-gcc-15.2.0-1/bin/../lib/gcc/riscv-none-elf/15.2.0/../../../../riscv-none-elf/lib/rv32i/ilp32\libc.a(libc_a-vfprintf.o) (_fflush_r)
E:/lky/xPack GNU RISC-V Embedded GCC/xpack-riscv-none-elf-gcc-15.2.0-1/bin/../lib/gcc/riscv-none-elf/15.2.0/../../../../riscv-none-elf/lib/rv32i/ilp32\libc.a(libc_a-findfp.o)
                              E:/lky/xPack GNU RISC-V Embedded GCC/xpack-riscv-none-elf-gcc-15.2.0-1/bin/../lib/gcc/riscv-none-elf/15.2.0/../../../../riscv-none-elf/lib/rv32i/ilp32\libc.a(libc_a-fflush.o) (__sglue)
E:/lky/xPack GNU RISC-V Embedded GCC/xpack-riscv-none-elf-gcc-15.2.0-1/bin/../lib/gcc/riscv-none-elf/15.2.0/../../../../riscv-none-elf/lib/rv32i/ilp32\libc.a(libc_a-fvwrite.o)
                              E:/lky/xPack GNU RISC-V Embedded GCC/xpack-riscv-none-elf-gcc-15.2.0-1/bin/../lib/gcc/riscv-none-elf/15.2.0/../../../../riscv-none-elf/lib/rv32i/ilp32\libc.a(libc_a-puts.o) (__sfvwrite_r)
E:/lky/xPack GNU RISC-V Embedded GCC/xpack-riscv-none-elf-gcc-15.2.0-1/bin/../lib/gcc/riscv-none-elf/15.2.0/../../../../riscv-none-elf/lib/rv32i/ilp32\libc.a(libc_a-fwalk.o)
                              E:/lky/xPack GNU RISC-V Embedded GCC/xpack-riscv-none-elf-gcc-15.2.0-1/bin/../lib/gcc/riscv-none-elf/15.2.0/../../../../riscv-none-elf/lib/rv32i/ilp32\libc.a(libc_a-fflush.o) (_fwalk_sglue)
E:/lky/xPack GNU RISC-V Embedded GCC/xpack-riscv-none-elf-gcc-15.2.0-1/bin/../lib/gcc/riscv-none-elf/15.2.0/../../../../riscv-none-elf/lib/rv32i/ilp32\libc.a(libc_a-stdio.o)
                              E:/lky/xPack GNU RISC-V Embedded GCC/xpack-riscv-none-elf-gcc-15.2.0-1/bin/../lib/gcc/riscv-none-elf/15.2.0/../../../../riscv-none-elf/lib/rv32i/ilp32\libc.a(libc_a-findfp.o) (__sread)
E:/lky/xPack GNU RISC-V Embedded GCC/xpack-riscv-none-elf-gcc-15.2.0-1/bin/../lib/gcc/riscv-none-elf/15.2.0/../../../../riscv-none-elf/lib/rv32i/ilp32\libc.a(libc_a-wsetup.o)
                              E:/lky/xPack GNU RISC-V Embedded GCC/xpack-riscv-none-elf-gcc-15.2.0-1/bin/../lib/gcc/riscv-none-elf/15.2.0/../../../../riscv-none-elf/lib/rv32i/ilp32\libc.a(libc_a-vfprintf.o) (__swsetup_r)
[...]
Memory Configuration

Name             Origin             Length             Attributes
IMEM             0x00000000         0x00020000         xr
DMEM             0x10000000         0x00004000         rw
*default*        0x00000000         0xffffffff

Linker script and memory map

LOAD start.o
LOAD main.o
LOAD syscalls.o
LOAD E:/lky/xPack GNU RISC-V Embedded GCC/xpack-riscv-none-elf-gcc-15.2.0-1/bin/../lib/gcc/riscv-none-elf/15.2.0/rv32i/ilp32\libgcc.a
START GROUP
LOAD E:/lky/xPack GNU RISC-V Embedded GCC/xpack-riscv-none-elf-gcc-15.2.0-1/bin/../lib/gcc/riscv-none-elf/15.2.0/../../../../riscv-none-elf/lib/rv32i/ilp32\libc.a
LOAD E:/lky/xPack GNU RISC-V Embedded GCC/xpack-riscv-none-elf-gcc-15.2.0-1/bin/../lib/gcc/riscv-none-elf/15.2.0/../../../../riscv-none-elf/lib/rv32i/ilp32\libgloss.a
END GROUP
LOAD E:/lky/xPack GNU RISC-V Embedded GCC/xpack-riscv-none-elf-gcc-15.2.0-1/bin/../lib/gcc/riscv-none-elf/15.2.0/rv32i/ilp32\libgcc.a

.text           0x00000000    0x12850
 *(.text._start)
 *(.text .text.*)
 .text          0x00000000       0x10 start.o
                0x00000000                _start
 .text          0x00000010      0x188 main.o
                0x00000054                uart_putc
                0x00000118                main
 .text          0x00000198      0x294 syscalls.o
                0x00000198                _write
                0x00000220                _sbrk
                0x0000028c                _close
                0x000002b8                _fstat
                0x000002f4                _isatty
                0x00000320                _lseek
                0x00000354                _read
                0x00000388                _open
                0x000003bc                _kill
                0x000003ec                _getpid
                0x00000414                _exit
 .text          0x0000042c        0x0 E:/lky/xPack GNU RISC-V Embedded GCC/xpack-riscv-none-elf-gcc-15.2.0-1/bin/../lib/gcc/riscv-none-elf/15.2.0/../../../../riscv-none-elf/lib/rv32i/ilp32\libc.a(libc_a-printf.o)
 .text._printf_r
                0x0000042c       0x48 E:/lky/xPack GNU RISC-V Embedded GCC/xpack-riscv-none-elf-gcc-15.2.0-1/bin/../lib/gcc/riscv-none-elf/15.2.0/../../../../riscv-none-elf/lib/rv32i/ilp32\libc.a(libc_a-printf.o)
                0x0000042c                _printf_r
 .text.printf   0x00000474       0x50 E:/lky/xPack GNU RISC-V Embedded GCC/xpack-riscv-none-elf-gcc-15.2.0-1/bin/../lib/gcc/riscv-none-elf/15.2.0/../../../../riscv-none-elf/lib/rv32i/ilp32\libc.a(libc_a-printf.o)
                0x00000474                printf
 .text          0x000004c4        0x0 E:/lky/xPack GNU RISC-V Embedded GCC/xpack-riscv-none-elf-gcc-15.2.0-1/bin/../lib/gcc/riscv-none-elf/15.2.0/../../../../riscv-none-elf/lib/rv32i/ilp32\libc.a(libc_a-puts.o)
 .text._puts_r  0x000004c4      0x168 E:/lky/xPack GNU RISC-V Embedded GCC/xpack-riscv-none-elf-gcc-15.2.0-1/bin/../lib/gcc/riscv-none-elf/15.2.0/../../../../riscv-none-elf/lib/rv32i/ilp32\libc.a(libc_a-puts.o)
                0x000004c4                _puts_r
 .text.puts     0x0000062c       0x10 E:/lky/xPack GNU RISC-V Embedded GCC/xpack-riscv-none-elf-gcc-15.2.0-1/bin/../lib/gcc/riscv-none-elf/15.2.0/../../../../riscv-none-elf/lib/rv32i/ilp32\libc.a(libc_a-puts.o)
                0x0000062c                puts
 .text          0x0000063c        0x0 E:/lky/xPack GNU RISC-V Embedded GCC/xpack-riscv-none-elf-gcc-15.2.0-1/bin/../lib/gcc/riscv-none-elf/15.2.0/../../../../riscv-none-elf/lib/rv32i/ilp32\libc.a(libc_a-impure.o)
 .text          0x0000063c        0x0 E:/lky/xPack GNU RISC-V Embedded GCC/xpack-riscv-none-elf-gcc-15.2.0-1/bin/../lib/gcc/riscv-none-elf/15.2.0/../../../../riscv-none-elf/lib/rv32i/ilp32\libc.a(libc_a-lock.o)
 .text.__retarget_lock_init
                0x0000063c        0x4 E:/lky/xPack GNU RISC-V Embedded GCC/xpack-riscv-none-elf-gcc-15.2.0-1/bin/../lib/gcc/riscv-none-elf/15.2.0/../../../../riscv-none-elf/lib/rv32i/ilp32\libc.a(libc_a-lock.o)
                0x0000063c                __retarget_lock_init
 .text.__retarget_lock_init_recursive
                0x00000640        0x4 E:/lky/xPack GNU RISC-V Embedded GCC/xpack-riscv-none-elf-gcc-15.2.0-1/bin/../lib/gcc/riscv-none-elf/15.2.0/../../../../riscv-none-elf/lib/rv32i/ilp32\libc.a(libc_a-lock.o)
                0x00000640                __retarget_lock_init_recursive
 .text.__retarget_lock_close
                0x00000644        0x4 E:/lky/xPack GNU RISC-V Embedded GCC/xpack-riscv-none-elf-gcc-15.2.0-1/bin/../lib/gcc/riscv-none-elf/15.2.0/../../../../riscv-none-elf/lib/rv32i/ilp32\libc.a(libc_a-lock.o)
                0x00000644                __retarget_lock_close
 .text.__retarget_lock_close_recursive
                0x00000648        0x4 E:/lky/xPack GNU RISC-V Embedded GCC/xpack-riscv-none-elf-gcc-15.2.0-1/bin/../lib/gcc/riscv-none-elf/15.2.0/../../../../riscv-none-elf/lib/rv32i/ilp32\libc.a(libc_a-lock.o)
                0x00000648                __retarget_lock_close_recursive
 .text.__retarget_lock_acquire
                0x0000064c        0x4 E:/lky/xPack GNU RISC-V Embedded GCC/xpack-riscv-none-elf-gcc-15.2.0-1/bin/../lib/gcc/riscv-none-elf/15.2.0/../../../../riscv-none-elf/lib/rv32i/ilp32\libc.a(libc_a-lock.o)
                0x0000064c                __retarget_lock_acquire
 .text.__retarget_lock_acquire_recursive
                0x00000650        0x4 E:/lky/xPack GNU RISC-V Embedded GCC/xpack-riscv-none-elf-gcc-15.2.0-1/bin/../lib/gcc/riscv-none-elf/15.2.0/../../../../riscv-none-elf/lib/rv32i/ilp32\libc.a(libc_a-lock.o)
                0x00000650                __retarget_lock_acquire_recursive
 .text.__retarget_lock_try_acquire
                0x00000654        0x8 E:/lky/xPack GNU RISC-V Embedded GCC/xpack-riscv-none-elf-gcc-15.2.0-1/bin/../lib/gcc/riscv-none-elf/15.2.0/../../../../riscv-none-elf/lib/rv32i/ilp32\libc.a(libc_a-lock.o)
                0x00000654                __retarget_lock_try_acquire
 .text.__retarget_lock_try_acquire_recursive
                0x0000065c        0x8 E:/lky/xPack GNU RISC-V Embedded GCC/xpack-riscv-none-elf-gcc-15.2.0-1/bin/../lib/gcc/riscv-none-elf/15.2.0/../../../../riscv-none-elf/lib/rv32i/ilp32\libc.a(libc_a-lock.o)
                0x0000065c                __retarget_lock_try_acquire_recursive
 .text.__retarget_lock_release
                0x00000664        0x4 E:/lky/xPack GNU RISC-V Embedded GCC/xpack-riscv-none-elf-gcc-15.2.0-1/bin/../lib/gcc/riscv-none-elf/15.2.0/../../../../riscv-none-elf/lib/rv32i/ilp32\libc.a(libc_a-lock.o)
                0x00000664                __retarget_lock_release
 .text.__retarget_lock_release_recursive
                0x00000668        0x4 E:/lky/xPack GNU RISC-V Embedded GCC/xpack-riscv-none-elf-gcc-15.2.0-1/bin/../lib/gcc/riscv-none-elf/15.2.0/../../../../riscv-none-elf/lib/rv32i/ilp32\libc.a(libc_a-lock.o)
                0x00000668                __retarget_lock_release_recursive
 .text          0x0000066c        0x0 E:/lky/xPack GNU RISC-V Embedded GCC/xpack-riscv-none-elf-gcc-15.2.0-1/bin/../lib/gcc/riscv-none-elf/15.2.0/../../../../riscv-none-elf/lib/rv32i/ilp32\libc.a(libc_a-strlen.o)
 .text.strlen   0x0000066c       0x8c E:/lky/xPack GNU RISC-V Embedded GCC/xpack-riscv-none-elf-gcc-15.2.0-1/bin/../lib/gcc/riscv-none-elf/15.2.0/../../../../riscv-none-elf/lib/rv32i/ilp32\libc.a(libc_a-strlen.o)
                0x0000066c                strlen
 .text          0x000006f8        0x0 E:/lky/xPack GNU RISC-V Embedded GCC/xpack-riscv-none-elf-gcc-15.2.0-1/bin/../lib/gcc/riscv-none-elf/15.2.0/../../../../riscv-none-elf/lib/rv32i/ilp32\libc.a(libc_a-vfprintf.o)
 .text._vfprintf_r
                0x000006f8     0x3514 E:/lky/xPack GNU RISC-V Embedded GCC/xpack-riscv-none-elf-gcc-15.2.0-1/bin/../lib/gcc/riscv-none-elf/15.2.0/../../../../riscv-none-elf/lib/rv32i/ilp32\libc.a(libc_a-vfprintf.o)
                0x000006f8                _vfprintf_r
 .text.vfprintf
                0x00003c0c       0x1c E:/lky/xPack GNU RISC-V Embedded GCC/xpack-riscv-none-elf-gcc-15.2.0-1/bin/../lib/gcc/riscv-none-elf/15.2.0/../../../../riscv-none-elf/lib/rv32i/ilp32\libc.a(libc_a-vfprintf.o)
                0x00003c0c                vfprintf
 .text.__sbprintf
                0x00003c28       0xe4 E:/lky/xPack GNU RISC-V Embedded GCC/xpack-riscv-none-elf-gcc-15.2.0-1/bin/../lib/gcc/riscv-none-elf/15.2.0/../../../../riscv-none-elf/lib/rv32i/ilp32\libc.a(libc_a-vfprintf.o)
 .text          0x00003d0c        0x0 E:/lky/xPack GNU RISC-V Embedded GCC/xpack-riscv-none-elf-gcc-15.2.0-1/bin/../lib/gcc/riscv-none-elf/15.2.0/../../../../riscv-none-elf/lib/rv32i/ilp32\libc.a(libc_a-sprint_r.o)
 .text.__sprint_r
                0x00003d0c       0x3c E:/lky/xPack GNU RISC-V Embedded GCC/xpack-riscv-none-elf-gcc-15.2.0-1/bin/../lib/gcc/riscv-none-elf/15.2.0/../../../../riscv-none-elf/lib/rv32i/ilp32\libc.a(libc_a-sprint_r.o)
                0x00003d0c                __sprint_r
 .text          0x00003d48        0x0 E:/lky/xPack GNU RISC-V Embedded GCC/xpack-riscv-none-elf-gcc-15.2.0-1/bin/../lib/gcc/riscv-none-elf/15.2.0/../../../../riscv-none-elf/lib/rv32i/ilp32\libc.a(libc_a-fflush.o)
 .text.__sflush_r
                0x00003d48      0x25c E:/lky/xPack GNU RISC-V Embedded GCC/xpack-riscv-none-elf-gcc-15.2.0-1/bin/../lib/gcc/riscv-none-elf/15.2.0/../../../../riscv-none-elf/lib/rv32i/ilp32\libc.a(libc_a-fflush.o)
                0x00003d48                __sflush_r
 .text._fflush_r
                0x00003fa4       0xc8 E:/lky/xPack GNU RISC-V Embedded GCC/xpack-riscv-none-elf-gcc-15.2.0-1/bin/../lib/gcc/riscv-none-elf/15.2.0/../../../../riscv-none-elf/lib/rv32i/ilp32\libc.a(libc_a-fflush.o)
                0x00003fa4                _fflush_r
 .text.fflush   0x0000406c       0xe8 E:/lky/xPack GNU RISC-V Embedded GCC/xpack-riscv-none-elf-gcc-15.2.0-1/bin/../lib/gcc/riscv-none-elf/15.2.0/../../../../riscv-none-elf/lib/rv32i/ilp32\libc.a(libc_a-fflush.o)
                0x0000406c                fflush
 .text          0x00004154        0x0 E:/lky/xPack GNU RISC-V Embedded GCC/xpack-riscv-none-elf-gcc-15.2.0-1/bin/../lib/gcc/riscv-none-elf/15.2.0/../../../../riscv-none-elf/lib/rv32i/ilp32\libc.a(libc_a-findfp.o)
 .text.stdio_exit_handler
                0x00004154       0x1c E:/lky/xPack GNU RISC-V Embedded GCC/xpack-riscv-none-elf-gcc-15.2.0-1/bin/../lib/gcc/riscv-none-elf/15.2.0/../../../../riscv-none-elf/lib/rv32i/ilp32\libc.a(libc_a-findfp.o)
 .text.cleanup_stdio
                0x00004170       0x70 E:/lky/xPack GNU RISC-V Embedded GCC/xpack-riscv-none-elf-gcc-15.2.0-1/bin/../lib/gcc/riscv-none-elf/15.2.0/../../../../riscv-none-elf/lib/rv32i/ilp32\libc.a(libc_a-findfp.o)
 .text.__fp_lock
                0x000041e0       0x40 E:/lky/xPack GNU RISC-V Embedded GCC/xpack-riscv-none-elf-gcc-15.2.0-1/bin/../lib/gcc/riscv-none-elf/15.2.0/../../../../riscv-none-elf/lib/rv32i/ilp32\libc.a(libc_a-findfp.o)
 .text.__fp_unlock
                0x00004220       0x40 E:/lky/xPack GNU RISC-V Embedded GCC/xpack-riscv-none-elf-gcc-15.2.0-1/bin/../lib/gcc/riscv-none-elf/15.2.0/../../../../riscv-none-elf/lib/rv32i/ilp32\libc.a(libc_a-findfp.o)
 .text.global_stdio_init.part.0
                0x00004260      0x190 E:/lky/xPack GNU RISC-V Embedded GCC/xpack-riscv-none-elf-gcc-15.2.0-1/bin/../lib/gcc/riscv-none-elf/15.2.0/../../../../riscv-none-elf/lib/rv32i/ilp32\libc.a(libc_a-findfp.o)
 .text.__sfp    0x000043f0      0x15c E:/lky/xPack GNU RISC-V Embedded GCC/xpack-riscv-none-elf-gcc-15.2.0-1/bin/../lib/gcc/riscv-none-elf/15.2.0/../../../../riscv-none-elf/lib/rv32i/ilp32\libc.a(libc_a-findfp.o)
                0x000043f0                __sfp
 .text.__sinit  0x0000454c       0x70 E:/lky/xPack GNU RISC-V Embedded GCC/xpack-riscv-none-elf-gcc-15.2.0-1/bin/../lib/gcc/riscv-none-elf/15.2.0/../../../../riscv-none-elf/lib/rv32i/ilp32\libc.a(libc_a-findfp.o)
                0x0000454c                __sinit
 .text.__sfp_lock_acquire
                0x000045bc        0xc E:/lky/xPack GNU RISC-V Embedded GCC/xpack-riscv-none-elf-gcc-15.2.0-1/bin/../lib/gcc/riscv-none-elf/15.2.0/../../../../riscv-none-elf/lib/rv32i/ilp32\libc.a(libc_a-findfp.o)
                0x000045bc                __sfp_lock_acquire
 .text.__sfp_lock_release
                0x000045c8        0xc E:/lky/xPack GNU RISC-V Embedded GCC/xpack-riscv-none-elf-gcc-15.2.0-1/bin/../lib/gcc/riscv-none-elf/15.2.0/../../../../riscv-none-elf/lib/rv32i/ilp32\libc.a(libc_a-findfp.o)
                0x000045c8                __sfp_lock_release
 .text.__fp_lock_all
                0x000045d4       0x34 E:/lky/xPack GNU RISC-V Embedded GCC/xpack-riscv-none-elf-gcc-15.2.0-1/bin/../lib/gcc/riscv-none-elf/15.2.0/../../../../riscv-none-elf/lib/rv32i/ilp32\libc.a(libc_a-findfp.o)
                0x000045d4                __fp_lock_all
 .text.__fp_unlock_all
                0x00004608       0x34 E:/lky/xPack GNU RISC-V Embedded GCC/xpack-riscv-none-elf-gcc-15.2.0-1/bin/../lib/gcc/riscv-none-elf/15.2.0/../../../../riscv-none-elf/lib/rv32i/ilp32\libc.a(libc_a-findfp.o)
                0x00004608                __fp_unlock_all
 .text          0x0000463c        0x0 E:/lky/xPack GNU RISC-V Embedded GCC/xpack-riscv-none-elf-gcc-15.2.0-1/bin/../lib/gcc/riscv-none-elf/15.2.0/../../../../riscv-none-elf/lib/rv32i/ilp32\libc.a(libc_a-fvwrite.o)
 .text.__sfvwrite_r
                0x0000463c      0x4c4 E:/lky/xPack GNU RISC-V Embedded GCC/xpack-riscv-none-elf-gcc-15.2.0-1/bin/../lib/gcc/riscv-none-elf/15.2.0/../../../../riscv-none-elf/lib/rv32i/ilp32\libc.a(libc_a-fvwrite.o)
                0x0000463c                __sfvwrite_r
 .text          0x00004b00        0x0 E:/lky/xPack GNU RISC-V Embedded GCC/xpack-riscv-none-elf-gcc-15.2.0-1/bin/../lib/gcc/riscv-none-elf/15.2.0/../../../../riscv-none-elf/lib/rv32i/ilp32\libc.a(libc_a-fwalk.o)
 .text._fwalk_sglue
                0x00004b00       0xb4 E:/lky/xPack GNU RISC-V Embedded GCC/xpack-riscv-none-elf-gcc-15.2.0-1/bin/../lib/gcc/riscv-none-elf/15.2.0/../../../../riscv-none-elf/lib/rv32i/ilp32\libc.a(libc_a-fwalk.o)
                0x00004b00                _fwalk_sglue
 .text          0x00004bb4        0x0 E:/lky/xPack GNU RISC-V Embedded GCC/xpack-riscv-none-elf-gcc-15.2.0-1/bin/../lib/gcc/riscv-none-elf/15.2.0/../../../../riscv-none-elf/lib/rv32i/ilp32\libc.a(libc_a-stdio.o)
 .text.__sread  0x00004bb4       0x5c E:/lky/xPack GNU RISC-V Embedded GCC/xpack-riscv-none-elf-gcc-15.2.0-1/bin/../lib/gcc/riscv-none-elf/15.2.0/../../../../riscv-none-elf/lib/rv32i/ilp32\libc.a(libc_a-stdio.o)
                0x00004bb4                __sread
 .text.__seofread
                0x00004c10        0x8 E:/lky/xPack GNU RISC-V Embedded GCC/xpack-riscv-none-elf-gcc-15.2.0-1/bin/../lib/gcc/riscv-none-elf/15.2.0/../../../../riscv-none-elf/lib/rv32i/ilp32\libc.a(libc_a-stdio.o)
                0x00004c10                __seofread
 .text.__swrite
                0x00004c18       0x88 E:/lky/xPack GNU RISC-V Embedded GCC/xpack-riscv-none-elf-gcc-15.2.0-1/bin/../lib/gcc/riscv-none-elf/15.2.0/../../../../riscv-none-elf/lib/rv32i/ilp32\libc.a(libc_a-stdio.o)
                0x00004c18                __swrite
 .text.__sseek  0x00004ca0       0x64 E:/lky/xPack GNU RISC-V Embedded GCC/xpack-riscv-none-elf-gcc-15.2.0-1/bin/../lib/gcc/riscv-none-elf/15.2.0/../../../../riscv-none-elf/lib/rv32i/ilp32\libc.a(libc_a-stdio.o)
                0x00004ca0                __sseek
 .text.__sclose
                0x00004d04        0x8 E:/lky/xPack GNU RISC-V Embedded GCC/xpack-riscv-none-elf-gcc-15.2.0-1/bin/../lib/gcc/riscv-none-elf/15.2.0/../../../../riscv-none-elf/lib/rv32i/ilp32\libc.a(libc_a-stdio.o)
                0x00004d04                __sclose
 .text          0x00004d0c        0x0 E:/lky/xPack GNU RISC-V Embedded GCC/xpack-riscv-none-elf-gcc-15.2.0-1/bin/../lib/gcc/riscv-none-elf/15.2.0/../../../../riscv-none-elf/lib/rv32i/ilp32\libc.a(libc_a-wsetup.o)
 .text.__swsetup_r
                0x00004d0c      0x168 E:/lky/xPack GNU RISC-V Embedded GCC/xpack-riscv-none-elf-gcc-15.2.0-1/bin/../lib/gcc/riscv-none-elf/15.2.0/../../../../riscv-none-elf/lib/rv32i/ilp32\libc.a(libc_a-wsetup.o)
                0x00004d0c                __swsetup_r
 .text          0x00004e74        0x0 E:/lky/xPack GNU RISC-V Embedded GCC/xpack-riscv-none-elf-gcc-15.2.0-1/bin/../lib/gcc/riscv-none-elf/15.2.0/../../../../riscv-none-elf/lib/rv32i/ilp32\libc.a(libc_a-memchr.o)
 .text.memchr   0x00004e74       0xa4 E:/lky/xPack GNU RISC-V Embedded GCC/xpack-riscv-none-elf-gcc-15.2.0-1/bin/../lib/gcc/riscv-none-elf/15.2.0/../../../../riscv-none-elf/lib/rv32i/ilp32\libc.a(libc_a-memchr.o)
                0x00004e74                memchr
 .text          0x00004f18        0x0 E:/lky/xPack GNU RISC-V Embedded GCC/xpack-riscv-none-elf-gcc-15.2.0-1/bin/../lib/gcc/riscv-none-elf/15.2.0/../../../../riscv-none-elf/lib/rv32i/ilp32\libc.a(libc_a-strncpy.o)
 .text.strncpy  0x00004f18       0xa8 E:/lky/xPack GNU RISC-V Embedded GCC/xpack-riscv-none-elf-gcc-15.2.0-1/bin/../lib/gcc/riscv-none-elf/15.2.0/../../../../riscv-none-elf/lib/rv32i/ilp32\libc.a(libc_a-strncpy.o)
                0x00004f18                strncpy
 .text          0x00004fc0        0x0 E:/lky/xPack GNU RISC-V Embedded GCC/xpack-riscv-none-elf-gcc-15.2.0-1/bin/../lib/gcc/riscv-none-elf/15.2.0/../../../../riscv-none-elf/lib/rv32i/ilp32\libc.a(libc_a-locale.o)
 .text.currentlocale
                0x00004fc0       0xa8 E:/lky/xPack GNU RISC-V Embedded GCC/xpack-riscv-none-elf-gcc-15.2.0-1/bin/../lib/gcc/riscv-none-elf/15.2.0/../../../../riscv-none-elf/lib/rv32i/ilp32\libc.a(libc_a-locale.o)
 .text.__loadlocale
                0x00005068      0x844 E:/lky/xPack GNU RISC-V Embedded GCC/xpack-riscv-none-elf-gcc-15.2.0-1/bin/../lib/gcc/riscv-none-elf/15.2.0/../../../../riscv-none-elf/lib/rv32i/ilp32\libc.a(libc_a-locale.o)
                0x00005068                __loadlocale
 .text.__get_locale_env
                0x000058ac       0x90 E:/lky/xPack GNU RISC-V Embedded GCC/xpack-riscv-none-elf-gcc-15.2.0-1/bin/../lib/gcc/riscv-none-elf/15.2.0/../../../../riscv-none-elf/lib/rv32i/ilp32\libc.a(libc_a-locale.o)
                0x000058ac                __get_locale_env
 .text._setlocale_r
                0x0000593c      0x3f4 E:/lky/xPack GNU RISC-V Embedded GCC/xpack-riscv-none-elf-gcc-15.2.0-1/bin/../lib/gcc/riscv-none-elf/15.2.0/../../../../riscv-none-elf/lib/rv32i/ilp32\libc.a(libc_a-locale.o)
                0x0000593c                _setlocale_r
 .text.__locale_mb_cur_max
                0x00005d30        0xc E:/lky/xPack GNU RISC-V Embedded GCC/xpack-riscv-none-elf-gcc-15.2.0-1/bin/../lib/gcc/riscv-none-elf/15.2.0/../../../../riscv-none-elf/lib/rv32i/ilp32\libc.a(libc_a-locale.o)
                0x00005d30                __locale_mb_cur_max
 .text.setlocale
                0x00005d3c       0x18 E:/lky/xPack GNU RISC-V Embedded GCC/xpack-riscv-none-elf-gcc-15.2.0-1/bin/../lib/gcc/riscv-none-elf/15.2.0/../../../../riscv-none-elf/lib/rv32i/ilp32\libc.a(libc_a-locale.o)
                0x00005d3c                setlocale
 .text          0x00005d54        0x0 E:/lky/xPack GNU RISC-V Embedded GCC/xpack-riscv-none-elf-gcc-15.2.0-1/bin/../lib/gcc/riscv-none-elf/15.2.0/../../../../riscv-none-elf/lib/rv32i/ilp32\libc.a(libc_a-localeconv.o)
 .text.__localeconv_l
                0x00005d54        0x8 E:/lky/xPack GNU RISC-V Embedded GCC/xpack-riscv-none-elf-gcc-15.2.0-1/bin/../lib/gcc/riscv-none-elf/15.2.0/../../../../riscv-none-elf/lib/rv32i/ilp32\libc.a(libc_a-localeconv.o)
                0x00005d54                __localeconv_l
 .text._localeconv_r
                0x00005d5c        0xc E:/lky/xPack GNU RISC-V Embedded GCC/xpack-riscv-none-elf-gcc-15.2.0-1/bin/../lib/gcc/riscv-none-elf/15.2.0/../../../../riscv-none-elf/lib/rv32i/ilp32\libc.a(libc_a-localeconv.o)
                0x00005d5c                _localeconv_r
 .text.localeconv
                0x00005d68        0xc E:/lky/xPack GNU RISC-V Embedded GCC/xpack-riscv-none-elf-gcc-15.2.0-1/bin/../lib/gcc/riscv-none-elf/15.2.0/../../../../riscv-none-elf/lib/rv32i/ilp32\libc.a(libc_a-localeconv.o)
                0x00005d68                localeconv
 .text          0x00005d74        0x0 E:/lky/xPack GNU RISC-V Embedded GCC/xpack-riscv-none-elf-gcc-15.2.0-1/bin/../lib/gcc/riscv-none-elf/15.2.0/../../../../riscv-none-elf/lib/rv32i/ilp32\libc.a(libc_a-closer.o)
 .text._close_r
                0x00005d74       0x58 E:/lky/xPack GNU RISC-V Embedded GCC/xpack-riscv-none-elf-gcc-15.2.0-1/bin/../lib/gcc/riscv-none-elf/15.2.0/../../../../riscv-none-elf/lib/rv32i/ilp32\libc.a(libc_a-closer.o)
                0x00005d74                _close_r
 .text          0x00005dcc        0x0 E:/lky/xPack GNU RISC-V Embedded GCC/xpack-riscv-none-elf-gcc-15.2.0-1/bin/../lib/gcc/riscv-none-elf/15.2.0/../../../../riscv-none-elf/lib/rv32i/ilp32\libc.a(libc_a-reent.o)
 .text._reclaim_reent
                0x00005dcc       0xe8 E:/lky/xPack GNU RISC-V Embedded GCC/xpack-riscv-none-elf-gcc-15.2.0-1/bin/../lib/gcc/riscv-none-elf/15.2.0/../../../../riscv-none-elf/lib/rv32i/ilp32\libc.a(libc_a-reent.o)
                0x00005dcc                _reclaim_reent
 .text          0x00005eb4        0x0 E:/lky/xPack GNU RISC-V Embedded GCC/xpack-riscv-none-elf-gcc-15.2.0-1/bin/../lib/gcc/riscv-none-elf/15.2.0/../../../../riscv-none-elf/lib/rv32i/ilp32\libc.a(libc_a-lseekr.o)
 .text._lseek_r
                0x00005eb4       0x64 E:/lky/xPack GNU RISC-V Embedded GCC/xpack-riscv-none-elf-gcc-15.2.0-1/bin/../lib/gcc/riscv-none-elf/15.2.0/../../../../riscv-none-elf/lib/rv32i/ilp32\libc.a(libc_a-lseekr.o)
                0x00005eb4                _lseek_r
 .text          0x00005f18        0x0 E:/lky/xPack GNU RISC-V Embedded GCC/xpack-riscv-none-elf-gcc-15.2.0-1/bin/../lib/gcc/riscv-none-elf/15.2.0/../../../../riscv-none-elf/lib/rv32i/ilp32\libc.a(libc_a-readr.o)
 .text._read_r  0x00005f18       0x64 E:/lky/xPack GNU RISC-V Embedded GCC/xpack-riscv-none-elf-gcc-15.2.0-1/bin/../lib/gcc/riscv-none-elf/15.2.0/../../../../riscv-none-elf/lib/rv32i/ilp32\libc.a(libc_a-readr.o)
                0x00005f18                _read_r
 .text          0x00005f7c        0x0 E:/lky/xPack GNU RISC-V Embedded GCC/xpack-riscv-none-elf-gcc-15.2.0-1/bin/../lib/gcc/riscv-none-elf/15.2.0/../../../../riscv-none-elf/lib/rv32i/ilp32\libc.a(libc_a-writer.o)
 .text._write_r
                0x00005f7c       0x64 E:/lky/xPack GNU RISC-V Embedded GCC/xpack-riscv-none-elf-gcc-15.2.0-1/bin/../lib/gcc/riscv-none-elf/15.2.0/../../../../riscv-none-elf/lib/rv32i/ilp32\libc.a(libc_a-writer.o)
                0x00005f7c                _write_r
 .text          0x00005fe0        0x0 E:/lky/xPack GNU RISC-V Embedded GCC/xpack-riscv-none-elf-gcc-15.2.0-1/bin/../lib/gcc/riscv-none-elf/15.2.0/../../../../riscv-none-elf/lib/rv32i/ilp32\libc.a(libc_a-memmove-stub.o)
 .text.memmove  0x00005fe0      0x128 E:/lky/xPack GNU RISC-V Embedded GCC/xpack-riscv-none-elf-gcc-15.2.0-1/bin/../lib/gcc/riscv-none-elf/15.2.0/../../../../riscv-none-elf/lib/rv32i/ilp32\libc.a(libc_a-memmove-stub.o)
                0x00005fe0                memmove
 .text          0x00006108       0xdc E:/lky/xPack GNU RISC-V Embedded GCC/xpack-riscv-none-elf-gcc-15.2.0-1/bin/../lib/gcc/riscv-none-elf/15.2.0/../../../../riscv-none-elf/lib/rv32i/ilp32\libc.a(libc_a-memset.o)
                0x00006108                memset
 .text          0x000061e4        0x0 E:/lky/xPack GNU RISC-V Embedded GCC/xpack-riscv-none-elf-gcc-15.2.0-1/bin/../lib/gcc/riscv-none-elf/15.2.0/../../../../riscv-none-elf/lib/rv32i/ilp32\libc.a(libc_a-memcpy.o)
 .text.memcpy   0x000061e4      0x128 E:/lky/xPack GNU RISC-V Embedded GCC/xpack-riscv-none-elf-gcc-15.2.0-1/bin/../lib/gcc/riscv-none-elf/15.2.0/../../../../riscv-none-elf/lib/rv32i/ilp32\libc.a(libc_a-memcpy.o)
                0x000061e4                memcpy
 .text          0x0000630c        0x0 E:/lky/xPack GNU RISC-V Embedded GCC/xpack-riscv-none-elf-gcc-15.2.0-1/bin/../lib/gcc/riscv-none-elf/15.2.0/../../../../riscv-none-elf/lib/rv32i/ilp32\libc.a(libc_a-strcpy.o)
 .text.strcpy   0x0000630c       0xa4 E:/lky/xPack GNU RISC-V Embedded GCC/xpack-riscv-none-elf-gcc-15.2.0-1/bin/../lib/gcc/riscv-none-elf/15.2.0/../../../../riscv-none-elf/lib/rv32i/ilp32\libc.a(libc_a-strcpy.o)
                0x0000630c                strcpy
 .text          0x000063b0      0x17c E:/lky/xPack GNU RISC-V Embedded GCC/xpack-riscv-none-elf-gcc-15.2.0-1/bin/../lib/gcc/riscv-none-elf/15.2.0/../../../../riscv-none-elf/lib/rv32i/ilp32\libc.a(libc_a-strcmp.o)
                0x000063b0                strcmp
 .text          0x0000652c        0x0 E:/lky/xPack GNU RISC-V Embedded GCC/xpack-riscv-none-elf-gcc-15.2.0-1/bin/../lib/gcc/riscv-none-elf/15.2.0/../../../../riscv-none-elf/lib/rv32i/ilp32\libc.a(libm_a-s_frexp.o)
 .text.frexp    0x0000652c       0xc0 E:/lky/xPack GNU RISC-V Embedded GCC/xpack-riscv-none-elf-gcc-15.2.0-1/bin/../lib/gcc/riscv-none-elf/15.2.0/../../../../riscv-none-elf/lib/rv32i/ilp32\libc.a(libm_a-s_frexp.o)
                0x0000652c                frexp
 .text          0x000065ec        0x0 E:/lky/xPack GNU RISC-V Embedded GCC/xpack-riscv-none-elf-gcc-15.2.0-1/bin/../lib/gcc/riscv-none-elf/15.2.0/../../../../riscv-none-elf/lib/rv32i/ilp32\libc.a(libc_a-dtoa.o)
 .text.quorem   0x000065ec      0x264 E:/lky/xPack GNU RISC-V Embedded GCC/xpack-riscv-none-elf-gcc-15.2.0-1/bin/../lib/gcc/riscv-none-elf/15.2.0/../../../../riscv-none-elf/lib/rv32i/ilp32\libc.a(libc_a-dtoa.o)
 .text._dtoa_r  0x00006850     0x193c E:/lky/xPack GNU RISC-V Embedded GCC/xpack-riscv-none-elf-gcc-15.2.0-1/bin/../lib/gcc/riscv-none-elf/15.2.0/../../../../riscv-none-elf/lib/rv32i/ilp32\libc.a(libc_a-dtoa.o)
                0x00006850                _dtoa_r
 .text          0x0000818c        0x0 E:/lky/xPack GNU RISC-V Embedded GCC/xpack-riscv-none-elf-gcc-15.2.0-1/bin/../lib/gcc/riscv-none-elf/15.2.0/../../../../riscv-none-elf/lib/rv32i/ilp32\libc.a(libc_a-freer.o)
 .text._malloc_trim_r
                0x0000818c      0x134 E:/lky/xPack GNU RISC-V Embedded GCC/xpack-riscv-none-elf-gcc-15.2.0-1/bin/../lib/gcc/riscv-none-elf/15.2.0/../../../../riscv-none-elf/lib/rv32i/ilp32\libc.a(libc_a-freer.o)
                0x0000818c                _malloc_trim_r
 .text._free_r  0x000082c0      0x2f0 E:/lky/xPack GNU RISC-V Embedded GCC/xpack-riscv-none-elf-gcc-15.2.0-1/bin/../lib/gcc/riscv-none-elf/15.2.0/../../../../riscv-none-elf/lib/rv32i/ilp32\libc.a(libc_a-freer.o)
                0x000082c0                _free_r
 .text          0x000085b0        0x0 E:/lky/xPack GNU RISC-V Embedded GCC/xpack-riscv-none-elf-gcc-15.2.0-1/bin/../lib/gcc/riscv-none-elf/15.2.0/../../../../riscv-none-elf/lib/rv32i/ilp32\libc.a(libc_a-getenv_r.o)
 .text._findenv_r
                0x000085b0      0x13c E:/lky/xPack GNU RISC-V Embedded GCC/xpack-riscv-none-elf-gcc-15.2.0-1/bin/../lib/gcc/riscv-none-elf/15.2.0/../../../../riscv-none-elf/lib/rv32i/ilp32\libc.a(libc_a-getenv_r.o)
                0x000085b0                _findenv_r
 .text._getenv_r
                0x000086ec       0x1c E:/lky/xPack GNU RISC-V Embedded GCC/xpack-riscv-none-elf-gcc-15.2.0-1/bin/../lib/gcc/riscv-none-elf/15.2.0/../../../../riscv-none-elf/lib/rv32i/ilp32\libc.a(libc_a-getenv_r.o)
                0x000086ec                _getenv_r
 .text          0x00008708        0x0 E:/lky/xPack GNU RISC-V Embedded GCC/xpack-riscv-none-elf-gcc-15.2.0-1/bin/../lib/gcc/riscv-none-elf/15.2.0/../../../../riscv-none-elf/lib/rv32i/ilp32\libc.a(libc_a-mallocr.o)
 .text._malloc_r
                0x00008708      0x8a4 E:/lky/xPack GNU RISC-V Embedded GCC/xpack-riscv-none-elf-gcc-15.2.0-1/bin/../lib/gcc/riscv-none-elf/15.2.0/../../../../riscv-none-elf/lib/rv32i/ilp32\libc.a(libc_a-mallocr.o)
                0x00008708                _malloc_r
 .text          0x00008fac        0x0 E:/lky/xPack GNU RISC-V Embedded GCC/xpack-riscv-none-elf-gcc-15.2.0-1/bin/../lib/gcc/riscv-none-elf/15.2.0/../../../../riscv-none-elf/lib/rv32i/ilp32\libc.a(libc_a-mbtowc_r.o)
 .text._mbtowc_r
                0x00008fac        0xc E:/lky/xPack GNU RISC-V Embedded GCC/xpack-riscv-none-elf-gcc-15.2.0-1/bin/../lib/gcc/riscv-none-elf/15.2.0/../../../../riscv-none-elf/lib/rv32i/ilp32\libc.a(libc_a-mbtowc_r.o)
                0x00008fac                _mbtowc_r
 .text.__ascii_mbtowc
                0x00008fb8       0x68 E:/lky/xPack GNU RISC-V Embedded GCC/xpack-riscv-none-elf-gcc-15.2.0-1/bin/../lib/gcc/riscv-none-elf/15.2.0/../../../../riscv-none-elf/lib/rv32i/ilp32\libc.a(libc_a-mbtowc_r.o)
                0x00008fb8                __ascii_mbtowc
 .text.__utf8_mbtowc
                0x00009020      0x2f8 E:/lky/xPack GNU RISC-V Embedded GCC/xpack-riscv-none-elf-gcc-15.2.0-1/bin/../lib/gcc/riscv-none-elf/15.2.0/../../../../riscv-none-elf/lib/rv32i/ilp32\libc.a(libc_a-mbtowc_r.o)
                0x00009020                __utf8_mbtowc
 .text.__sjis_mbtowc
                0x00009318      0x178 E:/lky/xPack GNU RISC-V Embedded GCC/xpack-riscv-none-elf-gcc-15.2.0-1/bin/../lib/gcc/riscv-none-elf/15.2.0/../../../../riscv-none-elf/lib/rv32i/ilp32\libc.a(libc_a-mbtowc_r.o)
                0x00009318                __sjis_mbtowc
 .text.__eucjp_mbtowc
                0x00009490      0x218 E:/lky/xPack GNU RISC-V Embedded GCC/xpack-riscv-none-elf-gcc-15.2.0-1/bin/../lib/gcc/riscv-none-elf/15.2.0/../../../../riscv-none-elf/lib/rv32i/ilp32\libc.a(libc_a-mbtowc_r.o)
                0x00009490                __eucjp_mbtowc
 .text.__jis_mbtowc
                0x000096a8      0x1e4 E:/lky/xPack GNU RISC-V Embedded GCC/xpack-riscv-none-elf-gcc-15.2.0-1/bin/../lib/gcc/riscv-none-elf/15.2.0/../../../../riscv-none-elf/lib/rv32i/ilp32\libc.a(libc_a-mbtowc_r.o)
                0x000096a8                __jis_mbtowc
 .text          0x0000988c        0x0 E:/lky/xPack GNU RISC-V Embedded GCC/xpack-riscv-none-elf-gcc-15.2.0-1/bin/../lib/gcc/riscv-none-elf/15.2.0/../../../../riscv-none-elf/lib/rv32i/ilp32\libc.a(libc_a-mlock.o)
 .text.__malloc_lock
                0x0000988c        0xc E:/lky/xPack GNU RISC-V Embedded GCC/xpack-riscv-none-elf-gcc-15.2.0-1/bin/../lib/gcc/riscv-none-elf/15.2.0/../../../../riscv-none-elf/lib/rv32i/ilp32\libc.a(libc_a-mlock.o)
                0x0000988c                __malloc_lock
 .text.__malloc_unlock
                0x00009898        0xc E:/lky/xPack GNU RISC-V Embedded GCC/xpack-riscv-none-elf-gcc-15.2.0-1/bin/../lib/gcc/riscv-none-elf/15.2.0/../../../../riscv-none-elf/lib/rv32i/ilp32\libc.a(libc_a-mlock.o)
                0x00009898                __malloc_unlock
 .text          0x000098a4        0x0 E:/lky/xPack GNU RISC-V Embedded GCC/xpack-riscv-none-elf-gcc-15.2.0-1/bin/../lib/gcc/riscv-none-elf/15.2.0/../../../../riscv-none-elf/lib/rv32i/ilp32\libc.a(libc_a-mprec.o)
 .text._Balloc  0x000098a4       0xac E:/lky/xPack GNU RISC-V Embedded GCC/xpack-riscv-none-elf-gcc-15.2.0-1/bin/../lib/gcc/riscv-none-elf/15.2.0/../../../../riscv-none-elf/lib/rv32i/ilp32\libc.a(libc_a-mprec.o)
                0x000098a4                _Balloc
 .text._Bfree   0x00009950       0x24 E:/lky/xPack GNU RISC-V Embedded GCC/xpack-riscv-none-elf-gcc-15.2.0-1/bin/../lib/gcc/riscv-none-elf/15.2.0/../../../../riscv-none-elf/lib/rv32i/ilp32\libc.a(libc_a-mprec.o)
                0x00009950                _Bfree
 .text.__multadd
                0x00009974      0x168 E:/lky/xPack GNU RISC-V Embedded GCC/xpack-riscv-none-elf-gcc-15.2.0-1/bin/../lib/gcc/riscv-none-elf/15.2.0/../../../../riscv-none-elf/lib/rv32i/ilp32\libc.a(libc_a-mprec.o)
                0x00009974                __multadd
 .text.__s2b    0x00009adc      0x138 E:/lky/xPack GNU RISC-V Embedded GCC/xpack-riscv-none-elf-gcc-15.2.0-1/bin/../lib/gcc/riscv-none-elf/15.2.0/../../../../riscv-none-elf/lib/rv32i/ilp32\libc.a(libc_a-mprec.o)
                0x00009adc                __s2b
 .text.__hi0bits
                0x00009c14       0x8c E:/lky/xPack GNU RISC-V Embedded GCC/xpack-riscv-none-elf-gcc-15.2.0-1/bin/../lib/gcc/riscv-none-elf/15.2.0/../../../../riscv-none-elf/lib/rv32i/ilp32\libc.a(libc_a-mprec.o)
                0x00009c14                __hi0bits
 .text.__lo0bits
                0x00009ca0      0x118 E:/lky/xPack GNU RISC-V Embedded GCC/xpack-riscv-none-elf-gcc-15.2.0-1/bin/../lib/gcc/riscv-none-elf/15.2.0/../../../../riscv-none-elf/lib/rv32i/ilp32\libc.a(libc_a-mprec.o)
                0x00009ca0                __lo0bits
 .text.__i2b    0x00009db8       0xd0 E:/lky/xPack GNU RISC-V Embedded GCC/xpack-riscv-none-elf-gcc-15.2.0-1/bin/../lib/gcc/riscv-none-elf/15.2.0/../../../../riscv-none-elf/lib/rv32i/ilp32\libc.a(libc_a-mprec.o)
                0x00009db8                __i2b
 .text.__multiply
                0x00009e88      0x2dc E:/lky/xPack GNU RISC-V Embedded GCC/xpack-riscv-none-elf-gcc-15.2.0-1/bin/../lib/gcc/riscv-none-elf/15.2.0/../../../../riscv-none-elf/lib/rv32i/ilp32\libc.a(libc_a-mprec.o)
                0x00009e88                __multiply
 .text.__pow5mult
                0x0000a164      0x16c E:/lky/xPack GNU RISC-V Embedded GCC/xpack-riscv-none-elf-gcc-15.2.0-1/bin/../lib/gcc/riscv-none-elf/15.2.0/../../../../riscv-none-elf/lib/rv32i/ilp32\libc.a(libc_a-mprec.o)
                0x0000a164                __pow5mult
 .text.__lshift
                0x0000a2d0      0x188 E:/lky/xPack GNU RISC-V Embedded GCC/xpack-riscv-none-elf-gcc-15.2.0-1/bin/../lib/gcc/riscv-none-elf/15.2.0/../../../../riscv-none-elf/lib/rv32i/ilp32\libc.a(libc_a-mprec.o)
                0x0000a2d0                __lshift
 .text.__mcmp   0x0000a458       0x58 E:/lky/xPack GNU RISC-V Embedded GCC/xpack-riscv-none-elf-gcc-15.2.0-1/bin/../lib/gcc/riscv-none-elf/15.2.0/../../../../riscv-none-elf/lib/rv32i/ilp32\libc.a(libc_a-mprec.o)
                0x0000a458                __mcmp
 .text.__mdiff  0x0000a4b0      0x238 E:/lky/xPack GNU RISC-V Embedded GCC/xpack-riscv-none-elf-gcc-15.2.0-1/bin/../lib/gcc/riscv-none-elf/15.2.0/../../../../riscv-none-elf/lib/rv32i/ilp32\libc.a(libc_a-mprec.o)
                0x0000a4b0                __mdiff
 .text.__ulp    0x0000a6e8       0x68 E:/lky/xPack GNU RISC-V Embedded GCC/xpack-riscv-none-elf-gcc-15.2.0-1/bin/../lib/gcc/riscv-none-elf/15.2.0/../../../../riscv-none-elf/lib/rv32i/ilp32\libc.a(libc_a-mprec.o)
                0x0000a6e8                __ulp
 .text.__b2d    0x0000a750      0x118 E:/lky/xPack GNU RISC-V Embedded GCC/xpack-riscv-none-elf-gcc-15.2.0-1/bin/../lib/gcc/riscv-none-elf/15.2.0/../../../../riscv-none-elf/lib/rv32i/ilp32\libc.a(libc_a-mprec.o)
                0x0000a750                __b2d
 .text.__d2b    0x0000a868      0x148 E:/lky/xPack GNU RISC-V Embedded GCC/xpack-riscv-none-elf-gcc-15.2.0-1/bin/../lib/gcc/riscv-none-elf/15.2.0/../../../../riscv-none-elf/lib/rv32i/ilp32\libc.a(libc_a-mprec.o)
                0x0000a868                __d2b
 .text.__ratio  0x0000a9b0       0xa4 E:/lky/xPack GNU RISC-V Embedded GCC/xpack-riscv-none-elf-gcc-15.2.0-1/bin/../lib/gcc/riscv-none-elf/15.2.0/../../../../riscv-none-elf/lib/rv32i/ilp32\libc.a(libc_a-mprec.o)
                0x0000a9b0                __ratio
 .text._mprec_log10
                0x0000aa54       0xa4 E:/lky/xPack GNU RISC-V Embedded GCC/xpack-riscv-none-elf-gcc-15.2.0-1/bin/../lib/gcc/riscv-none-elf/15.2.0/../../../../riscv-none-elf/lib/rv32i/ilp32\libc.a(libc_a-mprec.o)
                0x0000aa54                _mprec_log10
 .text.__copybits
                0x0000aaf8       0x68 E:/lky/xPack GNU RISC-V Embedded GCC/xpack-riscv-none-elf-gcc-15.2.0-1/bin/../lib/gcc/riscv-none-elf/15.2.0/../../../../riscv-none-elf/lib/rv32i/ilp32\libc.a(libc_a-mprec.o)
                0x0000aaf8                __copybits
 .text.__any_on
                0x0000ab60       0x64 E:/lky/xPack GNU RISC-V Embedded GCC/xpack-riscv-none-elf-gcc-15.2.0-1/bin/../lib/gcc/riscv-none-elf/15.2.0/../../../../riscv-none-elf/lib/rv32i/ilp32\libc.a(libc_a-mprec.o)
                0x0000ab60                __any_on
 .text          0x0000abc4        0x0 E:/lky/xPack GNU RISC-V Embedded GCC/xpack-riscv-none-elf-gcc-15.2.0-1/bin/../lib/gcc/riscv-none-elf/15.2.0/../../../../riscv-none-elf/lib/rv32i/ilp32\libc.a(libc_a-reallocr.o)
 .text._realloc_r
                0x0000abc4      0x62c E:/lky/xPack GNU RISC-V Embedded GCC/xpack-riscv-none-elf-gcc-15.2.0-1/bin/../lib/gcc/riscv-none-elf/15.2.0/../../../../riscv-none-elf/lib/rv32i/ilp32\libc.a(libc_a-reallocr.o)
                0x0000abc4                _realloc_r
 .text          0x0000b1f0        0x0 E:/lky/xPack GNU RISC-V Embedded GCC/xpack-riscv-none-elf-gcc-15.2.0-1/bin/../lib/gcc/riscv-none-elf/15.2.0/../../../../riscv-none-elf/lib/rv32i/ilp32\libc.a(libc_a-strtol.o)
 .text._strtol_l.part.0
                0x0000b1f0      0x370 E:/lky/xPack GNU RISC-V Embedded GCC/xpack-riscv-none-elf-gcc-15.2.0-1/bin/../lib/gcc/riscv-none-elf/15.2.0/../../../../riscv-none-elf/lib/rv32i/ilp32\libc.a(libc_a-strtol.o)
 .text._strtol_r
                0x0000b560       0x38 E:/lky/xPack GNU RISC-V Embedded GCC/xpack-riscv-none-elf-gcc-15.2.0-1/bin/../lib/gcc/riscv-none-elf/15.2.0/../../../../riscv-none-elf/lib/rv32i/ilp32\libc.a(libc_a-strtol.o)
                0x0000b560                _strtol_r
 .text.strtol_l
                0x0000b598       0x50 E:/lky/xPack GNU RISC-V Embedded GCC/xpack-riscv-none-elf-gcc-15.2.0-1/bin/../lib/gcc/riscv-none-elf/15.2.0/../../../../riscv-none-elf/lib/rv32i/ilp32\libc.a(libc_a-strtol.o)
                0x0000b598                strtol_l
 .text.strtol   0x0000b5e8       0x50 E:/lky/xPack GNU RISC-V Embedded GCC/xpack-riscv-none-elf-gcc-15.2.0-1/bin/../lib/gcc/riscv-none-elf/15.2.0/../../../../riscv-none-elf/lib/rv32i/ilp32\libc.a(libc_a-strtol.o)
                0x0000b5e8                strtol
 .text          0x0000b638        0x0 E:/lky/xPack GNU RISC-V Embedded GCC/xpack-riscv-none-elf-gcc-15.2.0-1/bin/../lib/gcc/riscv-none-elf/15.2.0/../../../../riscv-none-elf/lib/rv32i/ilp32\libc.a(libc_a-wctomb_r.o)
 .text._wctomb_r
                0x0000b638        0xc E:/lky/xPack GNU RISC-V Embedded GCC/xpack-riscv-none-elf-gcc-15.2.0-1/bin/../lib/gcc/riscv-none-elf/15.2.0/../../../../riscv-none-elf/lib/rv32i/ilp32\libc.a(libc_a-wctomb_r.o)
                0x0000b638                _wctomb_r
 .text.__ascii_wctomb
                0x0000b644       0x30 E:/lky/xPack GNU RISC-V Embedded GCC/xpack-riscv-none-elf-gcc-15.2.0-1/bin/../lib/gcc/riscv-none-elf/15.2.0/../../../../riscv-none-elf/lib/rv32i/ilp32\libc.a(libc_a-wctomb_r.o)
                0x0000b644                __ascii_wctomb
 .text.__utf8_wctomb
                0x0000b674       0xec E:/lky/xPack GNU RISC-V Embedded GCC/xpack-riscv-none-elf-gcc-15.2.0-1/bin/../lib/gcc/riscv-none-elf/15.2.0/../../../../riscv-none-elf/lib/rv32i/ilp32\libc.a(libc_a-wctomb_r.o)
                0x0000b674                __utf8_wctomb
 .text.__sjis_wctomb
                0x0000b760       0x84 E:/lky/xPack GNU RISC-V Embedded GCC/xpack-riscv-none-elf-gcc-15.2.0-1/bin/../lib/gcc/riscv-none-elf/15.2.0/../../../../riscv-none-elf/lib/rv32i/ilp32\libc.a(libc_a-wctomb_r.o)
                0x0000b760                __sjis_wctomb
 .text.__eucjp_wctomb
                0x0000b7e4       0xa0 E:/lky/xPack GNU RISC-V Embedded GCC/xpack-riscv-none-elf-gcc-15.2.0-1/bin/../lib/gcc/riscv-none-elf/15.2.0/../../../../riscv-none-elf/lib/rv32i/ilp32\libc.a(libc_a-wctomb_r.o)
                0x0000b7e4                __eucjp_wctomb
 .text.__jis_wctomb
                0x0000b884       0xbc E:/lky/xPack GNU RISC-V Embedded GCC/xpack-riscv-none-elf-gcc-15.2.0-1/bin/../lib/gcc/riscv-none-elf/15.2.0/../../../../riscv-none-elf/lib/rv32i/ilp32\libc.a(libc_a-wctomb_r.o)
                0x0000b884                __jis_wctomb
 .text          0x0000b940        0x0 E:/lky/xPack GNU RISC-V Embedded GCC/xpack-riscv-none-elf-gcc-15.2.0-1/bin/../lib/gcc/riscv-none-elf/15.2.0/../../../../riscv-none-elf/lib/rv32i/ilp32\libc.a(libc_a-wcrtomb.o)
 .text._wcrtomb_r
                0x0000b940       0x94 E:/lky/xPack GNU RISC-V Embedded GCC/xpack-riscv-none-elf-gcc-15.2.0-1/bin/../lib/gcc/riscv-none-elf/15.2.0/../../../../riscv-none-elf/lib/rv32i/ilp32\libc.a(libc_a-wcrtomb.o)
                0x0000b940                _wcrtomb_r
 .text.wcrtomb  0x0000b9d4       0x98 E:/lky/xPack GNU RISC-V Embedded GCC/xpack-riscv-none-elf-gcc-15.2.0-1/bin/../lib/gcc/riscv-none-elf/15.2.0/../../../../riscv-none-elf/lib/rv32i/ilp32\libc.a(libc_a-wcrtomb.o)
                0x0000b9d4                wcrtomb
 .text          0x0000ba6c        0x0 E:/lky/xPack GNU RISC-V Embedded GCC/xpack-riscv-none-elf-gcc-15.2.0-1/bin/../lib/gcc/riscv-none-elf/15.2.0/../../../../riscv-none-elf/lib/rv32i/ilp32\libc.a(libc_a-wcsrtombs.o)
 .text._wcsrtombs_r
                0x0000ba6c       0x10 E:/lky/xPack GNU RISC-V Embedded GCC/xpack-riscv-none-elf-gcc-15.2.0-1/bin/../lib/gcc/riscv-none-elf/15.2.0/../../../../riscv-none-elf/lib/rv32i/ilp32\libc.a(libc_a-wcsrtombs.o)
                0x0000ba6c                _wcsrtombs_r
 .text.wcsrtombs
                0x0000ba7c       0x24 E:/lky/xPack GNU RISC-V Embedded GCC/xpack-riscv-none-elf-gcc-15.2.0-1/bin/../lib/gcc/riscv-none-elf/15.2.0/../../../../riscv-none-elf/lib/rv32i/ilp32\libc.a(libc_a-wcsrtombs.o)
                0x0000ba7c                wcsrtombs
 .text          0x0000baa0        0x0 E:/lky/xPack GNU RISC-V Embedded GCC/xpack-riscv-none-elf-gcc-15.2.0-1/bin/../lib/gcc/riscv-none-elf/15.2.0/../../../../riscv-none-elf/lib/rv32i/ilp32\libc.a(libc_a-ctype_.o)
 .text.__set_ctype
                0x0000baa0       0x10 E:/lky/xPack GNU RISC-V Embedded GCC/xpack-riscv-none-elf-gcc-15.2.0-1/bin/../lib/gcc/riscv-none-elf/15.2.0/../../../../riscv-none-elf/lib/rv32i/ilp32\libc.a(libc_a-ctype_.o)
                0x0000baa0                __set_ctype
 .text          0x0000bab0        0x0 E:/lky/xPack GNU RISC-V Embedded GCC/xpack-riscv-none-elf-gcc-15.2.0-1/bin/../lib/gcc/riscv-none-elf/15.2.0/../../../../riscv-none-elf/lib/rv32i/ilp32\libc.a(libc_a-fclose.o)
 .text._fclose_r
                0x0000bab0      0x16c E:/lky/xPack GNU RISC-V Embedded GCC/xpack-riscv-none-elf-gcc-15.2.0-1/bin/../lib/gcc/riscv-none-elf/15.2.0/../../../../riscv-none-elf/lib/rv32i/ilp32\libc.a(libc_a-fclose.o)
                0x0000bab0                _fclose_r
 .text.fclose   0x0000bc1c       0x10 E:/lky/xPack GNU RISC-V Embedded GCC/xpack-riscv-none-elf-gcc-15.2.0-1/bin/../lib/gcc/riscv-none-elf/15.2.0/../../../../riscv-none-elf/lib/rv32i/ilp32\libc.a(libc_a-fclose.o)
                0x0000bc1c                fclose
 .text          0x0000bc2c        0x0 E:/lky/xPack GNU RISC-V Embedded GCC/xpack-riscv-none-elf-gcc-15.2.0-1/bin/../lib/gcc/riscv-none-elf/15.2.0/../../../../riscv-none-elf/lib/rv32i/ilp32\libc.a(libc_a-makebuf.o)
 .text.__smakebuf_r
                0x0000bc2c      0x178 E:/lky/xPack GNU RISC-V Embedded GCC/xpack-riscv-none-elf-gcc-15.2.0-1/bin/../lib/gcc/riscv-none-elf/15.2.0/../../../../riscv-none-elf/lib/rv32i/ilp32\libc.a(libc_a-makebuf.o)
                0x0000bc2c                __smakebuf_r
 .text.__swhatbuf_r
                0x0000bda4       0xf4 E:/lky/xPack GNU RISC-V Embedded GCC/xpack-riscv-none-elf-gcc-15.2.0-1/bin/../lib/gcc/riscv-none-elf/15.2.0/../../../../riscv-none-elf/lib/rv32i/ilp32\libc.a(libc_a-makebuf.o)
                0x0000bda4                __swhatbuf_r
 .text          0x0000be98        0x0 E:/lky/xPack GNU RISC-V Embedded GCC/xpack-riscv-none-elf-gcc-15.2.0-1/bin/../lib/gcc/riscv-none-elf/15.2.0/../../../../riscv-none-elf/lib/rv32i/ilp32\libc.a(libc_a-strcasecmp.o)
 .text.strcasecmp
                0x0000be98       0x6c E:/lky/xPack GNU RISC-V Embedded GCC/xpack-riscv-none-elf-gcc-15.2.0-1/bin/../lib/gcc/riscv-none-elf/15.2.0/../../../../riscv-none-elf/lib/rv32i/ilp32\libc.a(libc_a-strcasecmp.o)
                0x0000be98                strcasecmp
 .text          0x0000bf04        0x0 E:/lky/xPack GNU RISC-V Embedded GCC/xpack-riscv-none-elf-gcc-15.2.0-1/bin/../lib/gcc/riscv-none-elf/15.2.0/../../../../riscv-none-elf/lib/rv32i/ilp32\libc.a(libc_a-strcat.o)
 .text.strcat   0x0000bf04       0xa0 E:/lky/xPack GNU RISC-V Embedded GCC/xpack-riscv-none-elf-gcc-15.2.0-1/bin/../lib/gcc/riscv-none-elf/15.2.0/../../../../riscv-none-elf/lib/rv32i/ilp32\libc.a(libc_a-strcat.o)
                0x0000bf04                strcat
 .text          0x0000bfa4        0x0 E:/lky/xPack GNU RISC-V Embedded GCC/xpack-riscv-none-elf-gcc-15.2.0-1/bin/../lib/gcc/riscv-none-elf/15.2.0/../../../../riscv-none-elf/lib/rv32i/ilp32\libc.a(libc_a-strchr.o)
 .text.strchr   0x0000bfa4      0x140 E:/lky/xPack GNU RISC-V Embedded GCC/xpack-riscv-none-elf-gcc-15.2.0-1/bin/../lib/gcc/riscv-none-elf/15.2.0/../../../../riscv-none-elf/lib/rv32i/ilp32\libc.a(libc_a-strchr.o)
                0x0000bfa4                strchr
 .text          0x0000c0e4        0x0 E:/lky/xPack GNU RISC-V Embedded GCC/xpack-riscv-none-elf-gcc-15.2.0-1/bin/../lib/gcc/riscv-none-elf/15.2.0/../../../../riscv-none-elf/lib/rv32i/ilp32\libc.a(libc_a-strlcpy.o)
 .text.strlcpy  0x0000c0e4       0x44 E:/lky/xPack GNU RISC-V Embedded GCC/xpack-riscv-none-elf-gcc-15.2.0-1/bin/../lib/gcc/riscv-none-elf/15.2.0/../../../../riscv-none-elf/lib/rv32i/ilp32\libc.a(libc_a-strlcpy.o)
                0x0000c0e4                strlcpy
 .text          0x0000c128        0x0 E:/lky/xPack GNU RISC-V Embedded GCC/xpack-riscv-none-elf-gcc-15.2.0-1/bin/../lib/gcc/riscv-none-elf/15.2.0/../../../../riscv-none-elf/lib/rv32i/ilp32\libc.a(libc_a-strncasecmp.o)
 .text.strncasecmp
                0x0000c128       0x7c E:/lky/xPack GNU RISC-V Embedded GCC/xpack-riscv-none-elf-gcc-15.2.0-1/bin/../lib/gcc/riscv-none-elf/15.2.0/../../../../riscv-none-elf/lib/rv32i/ilp32\libc.a(libc_a-strncasecmp.o)
                0x0000c128                strncasecmp
 .text          0x0000c1a4        0x0 E:/lky/xPack GNU RISC-V Embedded GCC/xpack-riscv-none-elf-gcc-15.2.0-1/bin/../lib/gcc/riscv-none-elf/15.2.0/../../../../riscv-none-elf/lib/rv32i/ilp32\libc.a(libc_a-strncmp.o)
 .text.strncmp  0x0000c1a4       0xa4 E:/lky/xPack GNU RISC-V Embedded GCC/xpack-riscv-none-elf-gcc-15.2.0-1/bin/../lib/gcc/riscv-none-elf/15.2.0/../../../../riscv-none-elf/lib/rv32i/ilp32\libc.a(libc_a-strncmp.o)
                0x0000c1a4                strncmp
 .text          0x0000c248        0x0 E:/lky/xPack GNU RISC-V Embedded GCC/xpack-riscv-none-elf-gcc-15.2.0-1/bin/../lib/gcc/riscv-none-elf/15.2.0/../../../../riscv-none-elf/lib/rv32i/ilp32\libc.a(libc_a-fstatr.o)
 .text._fstat_r
                0x0000c248       0x60 E:/lky/xPack GNU RISC-V Embedded GCC/xpack-riscv-none-elf-gcc-15.2.0-1/bin/../lib/gcc/riscv-none-elf/15.2.0/../../../../riscv-none-elf/lib/rv32i/ilp32\libc.a(libc_a-fstatr.o)
                0x0000c248                _fstat_r
 .text          0x0000c2a8        0x0 E:/lky/xPack GNU RISC-V Embedded GCC/xpack-riscv-none-elf-gcc-15.2.0-1/bin/../lib/gcc/riscv-none-elf/15.2.0/../../../../riscv-none-elf/lib/rv32i/ilp32\libc.a(libc_a-isattyr.o)
 .text._isatty_r
                0x0000c2a8       0x58 E:/lky/xPack GNU RISC-V Embedded GCC/xpack-riscv-none-elf-gcc-15.2.0-1/bin/../lib/gcc/riscv-none-elf/15.2.0/../../../../riscv-none-elf/lib/rv32i/ilp32\libc.a(libc_a-isattyr.o)
                0x0000c2a8                _isatty_r
 .text          0x0000c300        0x0 E:/lky/xPack GNU RISC-V Embedded GCC/xpack-riscv-none-elf-gcc-15.2.0-1/bin/../lib/gcc/riscv-none-elf/15.2.0/../../../../riscv-none-elf/lib/rv32i/ilp32\libc.a(libc_a-sbrkr.o)
 .text._sbrk_r  0x0000c300       0x58 E:/lky/xPack GNU RISC-V Embedded GCC/xpack-riscv-none-elf-gcc-15.2.0-1/bin/../lib/gcc/riscv-none-elf/15.2.0/../../../../riscv-none-elf/lib/rv32i/ilp32\libc.a(libc_a-sbrkr.o)
                0x0000c300                _sbrk_r
 .text          0x0000c358        0x0 E:/lky/xPack GNU RISC-V Embedded GCC/xpack-riscv-none-elf-gcc-15.2.0-1/bin/../lib/gcc/riscv-none-elf/15.2.0/../../../../riscv-none-elf/lib/rv32i/ilp32\libc.a(libc_a-errno.o)
 .text.__errno  0x0000c358        0xc E:/lky/xPack GNU RISC-V Embedded GCC/xpack-riscv-none-elf-gcc-15.2.0-1/bin/../lib/gcc/riscv-none-elf/15.2.0/../../../../riscv-none-elf/lib/rv32i/ilp32\libc.a(libc_a-errno.o)
                0x0000c358                __errno
 .text          0x0000c364        0x0 E:/lky/xPack GNU RISC-V Embedded GCC/xpack-riscv-none-elf-gcc-15.2.0-1/bin/../lib/gcc/riscv-none-elf/15.2.0/../../../../riscv-none-elf/lib/rv32i/ilp32\libc.a(libc_a-assert.o)
 .text.__assert_func
                0x0000c364       0x54 E:/lky/xPack GNU RISC-V Embedded GCC/xpack-riscv-none-elf-gcc-15.2.0-1/bin/../lib/gcc/riscv-none-elf/15.2.0/../../../../riscv-none-elf/lib/rv32i/ilp32\libc.a(libc_a-assert.o)
                0x0000c364                __assert_func
 .text.__assert
                0x0000c3b8       0x14 E:/lky/xPack GNU RISC-V Embedded GCC/xpack-riscv-none-elf-gcc-15.2.0-1/bin/../lib/gcc/riscv-none-elf/15.2.0/../../../../riscv-none-elf/lib/rv32i/ilp32\libc.a(libc_a-assert.o)
                0x0000c3b8                __assert
 .text          0x0000c3cc        0x0 E:/lky/xPack GNU RISC-V Embedded GCC/xpack-riscv-none-elf-gcc-15.2.0-1/bin/../lib/gcc/riscv-none-elf/15.2.0/../../../../riscv-none-elf/lib/rv32i/ilp32\libc.a(libc_a-callocr.o)
 .text._calloc_r
                0x0000c3cc      0x194 E:/lky/xPack GNU RISC-V Embedded GCC/xpack-riscv-none-elf-gcc-15.2.0-1/bin/../lib/gcc/riscv-none-elf/15.2.0/../../../../riscv-none-elf/lib/rv32i/ilp32\libc.a(libc_a-callocr.o)
                0x0000c3cc                _calloc_r
 .text          0x0000c560        0x0 E:/lky/xPack GNU RISC-V Embedded GCC/xpack-riscv-none-elf-gcc-15.2.0-1/bin/../lib/gcc/riscv-none-elf/15.2.0/../../../../riscv-none-elf/lib/rv32i/ilp32\libc.a(libc_a-environ.o)
 .text          0x0000c560        0x0 E:/lky/xPack GNU RISC-V Embedded GCC/xpack-riscv-none-elf-gcc-15.2.0-1/bin/../lib/gcc/riscv-none-elf/15.2.0/../../../../riscv-none-elf/lib/rv32i/ilp32\libc.a(libc_a-envlock.o)
 .text.__env_lock
                0x0000c560        0xc E:/lky/xPack GNU RISC-V Embedded GCC/xpack-riscv-none-elf-gcc-15.2.0-1/bin/../lib/gcc/riscv-none-elf/15.2.0/../../../../riscv-none-elf/lib/rv32i/ilp32\libc.a(libc_a-envlock.o)
                0x0000c560                __env_lock
 .text.__env_unlock
                0x0000c56c        0xc E:/lky/xPack GNU RISC-V Embedded GCC/xpack-riscv-none-elf-gcc-15.2.0-1/bin/../lib/gcc/riscv-none-elf/15.2.0/../../../../riscv-none-elf/lib/rv32i/ilp32\libc.a(libc_a-envlock.o)
                0x0000c56c                __env_unlock
 .text          0x0000c578        0x0 E:/lky/xPack GNU RISC-V Embedded GCC/xpack-riscv-none-elf-gcc-15.2.0-1/bin/../lib/gcc/riscv-none-elf/15.2.0/../../../../riscv-none-elf/lib/rv32i/ilp32\libc.a(libc_a-wcsnrtombs.o)
 .text._wcsnrtombs_l
                0x0000c578      0x180 E:/lky/xPack GNU RISC-V Embedded GCC/xpack-riscv-none-elf-gcc-15.2.0-1/bin/../lib/gcc/riscv-none-elf/15.2.0/../../../../riscv-none-elf/lib/rv32i/ilp32\libc.a(libc_a-wcsnrtombs.o)
                0x0000c578                _wcsnrtombs_l
 .text._wcsnrtombs_r
                0x0000c6f8       0x14 E:/lky/xPack GNU RISC-V Embedded GCC/xpack-riscv-none-elf-gcc-15.2.0-1/bin/../lib/gcc/riscv-none-elf/15.2.0/../../../../riscv-none-elf/lib/rv32i/ilp32\libc.a(libc_a-wcsnrtombs.o)
                0x0000c6f8                _wcsnrtombs_r
 .text.wcsnrtombs
                0x0000c70c       0x2c E:/lky/xPack GNU RISC-V Embedded GCC/xpack-riscv-none-elf-gcc-15.2.0-1/bin/../lib/gcc/riscv-none-elf/15.2.0/../../../../riscv-none-elf/lib/rv32i/ilp32\libc.a(libc_a-wcsnrtombs.o)
                0x0000c70c                wcsnrtombs
 .text          0x0000c738        0x0 E:/lky/xPack GNU RISC-V Embedded GCC/xpack-riscv-none-elf-gcc-15.2.0-1/bin/../lib/gcc/riscv-none-elf/15.2.0/../../../../riscv-none-elf/lib/rv32i/ilp32\libc.a(libc_a-fiprintf.o)
 .text._fiprintf_r
                0x0000c738       0x38 E:/lky/xPack GNU RISC-V Embedded GCC/xpack-riscv-none-elf-gcc-15.2.0-1/bin/../lib/gcc/riscv-none-elf/15.2.0/../../../../riscv-none-elf/lib/rv32i/ilp32\libc.a(libc_a-fiprintf.o)
                0x0000c738                _fiprintf_r
 .text.fiprintf
                0x0000c770       0x54 E:/lky/xPack GNU RISC-V Embedded GCC/xpack-riscv-none-elf-gcc-15.2.0-1/bin/../lib/gcc/riscv-none-elf/15.2.0/../../../../riscv-none-elf/lib/rv32i/ilp32\libc.a(libc_a-fiprintf.o)
                0x0000c770                fiprintf
 .text          0x0000c7c4        0x0 E:/lky/xPack GNU RISC-V Embedded GCC/xpack-riscv-none-elf-gcc-15.2.0-1/bin/../lib/gcc/riscv-none-elf/15.2.0/../../../../riscv-none-elf/lib/rv32i/ilp32\libc.a(libc_a-vfiprintf.o)
 .text._vfiprintf_r
                0x0000c7c4     0x187c E:/lky/xPack GNU RISC-V Embedded GCC/xpack-riscv-none-elf-gcc-15.2.0-1/bin/../lib/gcc/riscv-none-elf/15.2.0/../../../../riscv-none-elf/lib/rv32i/ilp32\libc.a(libc_a-vfiprintf.o)
                0x0000c7c4                _vfiprintf_r
 .text.vfiprintf
                0x0000e040       0x1c E:/lky/xPack GNU RISC-V Embedded GCC/xpack-riscv-none-elf-gcc-15.2.0-1/bin/../lib/gcc/riscv-none-elf/15.2.0/../../../../riscv-none-elf/lib/rv32i/ilp32\libc.a(libc_a-vfiprintf.o)
                0x0000e040                vfiprintf
 .text.__sbprintf
                0x0000e05c       0xe4 E:/lky/xPack GNU RISC-V Embedded GCC/xpack-riscv-none-elf-gcc-15.2.0-1/bin/../lib/gcc/riscv-none-elf/15.2.0/../../../../riscv-none-elf/lib/rv32i/ilp32\libc.a(libc_a-vfiprintf.o)
 .text          0x0000e140        0x0 E:/lky/xPack GNU RISC-V Embedded GCC/xpack-riscv-none-elf-gcc-15.2.0-1/bin/../lib/gcc/riscv-none-elf/15.2.0/../../../../riscv-none-elf/lib/rv32i/ilp32\libc.a(libc_a-abort.o)
 .text.abort    0x0000e140       0x18 E:/lky/xPack GNU RISC-V Embedded GCC/xpack-riscv-none-elf-gcc-15.2.0-1/bin/../lib/gcc/riscv-none-elf/15.2.0/../../../../riscv-none-elf/lib/rv32i/ilp32\libc.a(libc_a-abort.o)
                0x0000e140                abort
 .text          0x0000e158        0x0 E:/lky/xPack GNU RISC-V Embedded GCC/xpack-riscv-none-elf-gcc-15.2.0-1/bin/../lib/gcc/riscv-none-elf/15.2.0/../../../../riscv-none-elf/lib/rv32i/ilp32\libc.a(libc_a-signal.o)
 .text._init_signal_r
                0x0000e158       0x58 E:/lky/xPack GNU RISC-V Embedded GCC/xpack-riscv-none-elf-gcc-15.2.0-1/bin/../lib/gcc/riscv-none-elf/15.2.0/../../../../riscv-none-elf/lib/rv32i/ilp32\libc.a(libc_a-signal.o)
                0x0000e158                _init_signal_r
 .text._signal_r
                0x0000e1b0       0x9c E:/lky/xPack GNU RISC-V Embedded GCC/xpack-riscv-none-elf-gcc-15.2.0-1/bin/../lib/gcc/riscv-none-elf/15.2.0/../../../../riscv-none-elf/lib/rv32i/ilp32\libc.a(libc_a-signal.o)
                0x0000e1b0                _signal_r
 .text._raise_r
                0x0000e24c       0xa8 E:/lky/xPack GNU RISC-V Embedded GCC/xpack-riscv-none-elf-gcc-15.2.0-1/bin/../lib/gcc/riscv-none-elf/15.2.0/../../../../riscv-none-elf/lib/rv32i/ilp32\libc.a(libc_a-signal.o)
                0x0000e24c                _raise_r
 .text.__sigtramp_r
                0x0000e2f4       0xcc E:/lky/xPack GNU RISC-V Embedded GCC/xpack-riscv-none-elf-gcc-15.2.0-1/bin/../lib/gcc/riscv-none-elf/15.2.0/../../../../riscv-none-elf/lib/rv32i/ilp32\libc.a(libc_a-signal.o)
                0x0000e2f4                __sigtramp_r
 .text.raise    0x0000e3c0       0xac E:/lky/xPack GNU RISC-V Embedded GCC/xpack-riscv-none-elf-gcc-15.2.0-1/bin/../lib/gcc/riscv-none-elf/15.2.0/../../../../riscv-none-elf/lib/rv32i/ilp32\libc.a(libc_a-signal.o)
                0x0000e3c0                raise
 .text.signal   0x0000e46c       0xa8 E:/lky/xPack GNU RISC-V Embedded GCC/xpack-riscv-none-elf-gcc-15.2.0-1/bin/../lib/gcc/riscv-none-elf/15.2.0/../../../../riscv-none-elf/lib/rv32i/ilp32\libc.a(libc_a-signal.o)
                0x0000e46c                signal
 .text._init_signal
                0x0000e514       0x64 E:/lky/xPack GNU RISC-V Embedded GCC/xpack-riscv-none-elf-gcc-15.2.0-1/bin/../lib/gcc/riscv-none-elf/15.2.0/../../../../riscv-none-elf/lib/rv32i/ilp32\libc.a(libc_a-signal.o)
                0x0000e514                _init_signal
 .text.__sigtramp
                0x0000e578       0xd8 E:/lky/xPack GNU RISC-V Embedded GCC/xpack-riscv-none-elf-gcc-15.2.0-1/bin/../lib/gcc/riscv-none-elf/15.2.0/../../../../riscv-none-elf/lib/rv32i/ilp32\libc.a(libc_a-signal.o)
                0x0000e578                __sigtramp
 .text          0x0000e650        0x0 E:/lky/xPack GNU RISC-V Embedded GCC/xpack-riscv-none-elf-gcc-15.2.0-1/bin/../lib/gcc/riscv-none-elf/15.2.0/../../../../riscv-none-elf/lib/rv32i/ilp32\libc.a(libc_a-signalr.o)
 .text._kill_r  0x0000e650       0x60 E:/lky/xPack GNU RISC-V Embedded GCC/xpack-riscv-none-elf-gcc-15.2.0-1/bin/../lib/gcc/riscv-none-elf/15.2.0/../../../../riscv-none-elf/lib/rv32i/ilp32\libc.a(libc_a-signalr.o)
                0x0000e650                _kill_r
 .text._getpid_r
                0x0000e6b0        0x4 E:/lky/xPack GNU RISC-V Embedded GCC/xpack-riscv-none-elf-gcc-15.2.0-1/bin/../lib/gcc/riscv-none-elf/15.2.0/../../../../riscv-none-elf/lib/rv32i/ilp32\libc.a(libc_a-signalr.o)
                0x0000e6b0                _getpid_r
 .text          0x0000e6b4        0x0 E:/lky/xPack GNU RISC-V Embedded GCC/xpack-riscv-none-elf-gcc-15.2.0-1/bin/../lib/gcc/riscv-none-elf/15.2.0/rv32i/ilp32\libgcc.a(_udivdi3.o)
 .text.__udivdi3
                0x0000e6b4      0x6a8 E:/lky/xPack GNU RISC-V Embedded GCC/xpack-riscv-none-elf-gcc-15.2.0-1/bin/../lib/gcc/riscv-none-elf/15.2.0/rv32i/ilp32\libgcc.a(_udivdi3.o)
                0x0000e6b4                __udivdi3
 .text          0x0000ed5c        0x0 E:/lky/xPack GNU RISC-V Embedded GCC/xpack-riscv-none-elf-gcc-15.2.0-1/bin/../lib/gcc/riscv-none-elf/15.2.0/rv32i/ilp32\libgcc.a(_umoddi3.o)
 .text.__umoddi3
                0x0000ed5c      0x64c E:/lky/xPack GNU RISC-V Embedded GCC/xpack-riscv-none-elf-gcc-15.2.0-1/bin/../lib/gcc/riscv-none-elf/15.2.0/rv32i/ilp32\libgcc.a(_umoddi3.o)
                0x0000ed5c                __umoddi3
 .text          0x0000f3a8        0x0 E:/lky/xPack GNU RISC-V Embedded GCC/xpack-riscv-none-elf-gcc-15.2.0-1/bin/../lib/gcc/riscv-none-elf/15.2.0/rv32i/ilp32\libgcc.a(adddf3.o)
 .text.__adddf3
                0x0000f3a8      0xb54 E:/lky/xPack GNU RISC-V Embedded GCC/xpack-riscv-none-elf-gcc-15.2.0-1/bin/../lib/gcc/riscv-none-elf/15.2.0/rv32i/ilp32\libgcc.a(adddf3.o)
                0x0000f3a8                __adddf3
 .text          0x0000fefc        0x0 E:/lky/xPack GNU RISC-V Embedded GCC/xpack-riscv-none-elf-gcc-15.2.0-1/bin/../lib/gcc/riscv-none-elf/15.2.0/rv32i/ilp32\libgcc.a(divdf3.o)
 .text.__divdf3
                0x0000fefc      0xb20 E:/lky/xPack GNU RISC-V Embedded GCC/xpack-riscv-none-elf-gcc-15.2.0-1/bin/../lib/gcc/riscv-none-elf/15.2.0/rv32i/ilp32\libgcc.a(divdf3.o)
                0x0000fefc                __divdf3
 .text          0x00010a1c        0x0 E:/lky/xPack GNU RISC-V Embedded GCC/xpack-riscv-none-elf-gcc-15.2.0-1/bin/../lib/gcc/riscv-none-elf/15.2.0/rv32i/ilp32\libgcc.a(eqdf2.o)
 .text.__eqdf2  0x00010a1c       0x90 E:/lky/xPack GNU RISC-V Embedded GCC/xpack-riscv-none-elf-gcc-15.2.0-1/bin/../lib/gcc/riscv-none-elf/15.2.0/rv32i/ilp32\libgcc.a(eqdf2.o)
                0x00010a1c                __nedf2
                0x00010a1c                __eqdf2
 .text          0x00010aac        0x0 E:/lky/xPack GNU RISC-V Embedded GCC/xpack-riscv-none-elf-gcc-15.2.0-1/bin/../lib/gcc/riscv-none-elf/15.2.0/rv32i/ilp32\libgcc.a(gedf2.o)
 .text.__gedf2  0x00010aac      0x110 E:/lky/xPack GNU RISC-V Embedded GCC/xpack-riscv-none-elf-gcc-15.2.0-1/bin/../lib/gcc/riscv-none-elf/15.2.0/rv32i/ilp32\libgcc.a(gedf2.o)
                0x00010aac                __gedf2
                0x00010aac                __gtdf2
 .text          0x00010bbc        0x0 E:/lky/xPack GNU RISC-V Embedded GCC/xpack-riscv-none-elf-gcc-15.2.0-1/bin/../lib/gcc/riscv-none-elf/15.2.0/rv32i/ilp32\libgcc.a(ledf2.o)
 .text.__ledf2  0x00010bbc      0x118 E:/lky/xPack GNU RISC-V Embedded GCC/xpack-riscv-none-elf-gcc-15.2.0-1/bin/../lib/gcc/riscv-none-elf/15.2.0/rv32i/ilp32\libgcc.a(ledf2.o)
                0x00010bbc                __ledf2
                0x00010bbc                __ltdf2
 .text          0x00010cd4        0x0 E:/lky/xPack GNU RISC-V Embedded GCC/xpack-riscv-none-elf-gcc-15.2.0-1/bin/../lib/gcc/riscv-none-elf/15.2.0/rv32i/ilp32\libgcc.a(muldf3.o)
 .text.__muldf3
                0x00010cd4      0x8ac E:/lky/xPack GNU RISC-V Embedded GCC/xpack-riscv-none-elf-gcc-15.2.0-1/bin/../lib/gcc/riscv-none-elf/15.2.0/rv32i/ilp32\libgcc.a(muldf3.o)
                0x00010cd4                __muldf3
 .text          0x00011580        0x0 E:/lky/xPack GNU RISC-V Embedded GCC/xpack-riscv-none-elf-gcc-15.2.0-1/bin/../lib/gcc/riscv-none-elf/15.2.0/rv32i/ilp32\libgcc.a(subdf3.o)
 .text.__subdf3
                0x00011580      0xb4c E:/lky/xPack GNU RISC-V Embedded GCC/xpack-riscv-none-elf-gcc-15.2.0-1/bin/../lib/gcc/riscv-none-elf/15.2.0/rv32i/ilp32\libgcc.a(subdf3.o)
                0x00011580                __subdf3
 .text          0x000120cc        0x0 E:/lky/xPack GNU RISC-V Embedded GCC/xpack-riscv-none-elf-gcc-15.2.0-1/bin/../lib/gcc/riscv-none-elf/15.2.0/rv32i/ilp32\libgcc.a(unorddf2.o)
 .text.__unorddf2
                0x000120cc       0x54 E:/lky/xPack GNU RISC-V Embedded GCC/xpack-riscv-none-elf-gcc-15.2.0-1/bin/../lib/gcc/riscv-none-elf/15.2.0/rv32i/ilp32\libgcc.a(unorddf2.o)
                0x000120cc                __unorddf2
 .text          0x00012120        0x0 E:/lky/xPack GNU RISC-V Embedded GCC/xpack-riscv-none-elf-gcc-15.2.0-1/bin/../lib/gcc/riscv-none-elf/15.2.0/rv32i/ilp32\libgcc.a(fixdfsi.o)
 .text.__fixdfsi
                0x00012120       0x80 E:/lky/xPack GNU RISC-V Embedded GCC/xpack-riscv-none-elf-gcc-15.2.0-1/bin/../lib/gcc/riscv-none-elf/15.2.0/rv32i/ilp32\libgcc.a(fixdfsi.o)
                0x00012120                __fixdfsi
 .text          0x000121a0        0x0 E:/lky/xPack GNU RISC-V Embedded GCC/xpack-riscv-none-elf-gcc-15.2.0-1/bin/../lib/gcc/riscv-none-elf/15.2.0/rv32i/ilp32\libgcc.a(floatsidf.o)
 .text.__floatsidf
                0x000121a0       0xe0 E:/lky/xPack GNU RISC-V Embedded GCC/xpack-riscv-none-elf-gcc-15.2.0-1/bin/../lib/gcc/riscv-none-elf/15.2.0/rv32i/ilp32\libgcc.a(floatsidf.o)
                0x000121a0                __floatsidf
 .text          0x00012280        0x0 E:/lky/xPack GNU RISC-V Embedded GCC/xpack-riscv-none-elf-gcc-15.2.0-1/bin/../lib/gcc/riscv-none-elf/15.2.0/rv32i/ilp32\libgcc.a(floatunsidf.o)
 .text.__floatunsidf
                0x00012280       0xa0 E:/lky/xPack GNU RISC-V Embedded GCC/xpack-riscv-none-elf-gcc-15.2.0-1/bin/../lib/gcc/riscv-none-elf/15.2.0/rv32i/ilp32\libgcc.a(floatunsidf.o)
                0x00012280                __floatunsidf
 .text          0x00012320        0x0 E:/lky/xPack GNU RISC-V Embedded GCC/xpack-riscv-none-elf-gcc-15.2.0-1/bin/../lib/gcc/riscv-none-elf/15.2.0/rv32i/ilp32\libgcc.a(trunctfdf2.o)
 .text.__trunctfdf2
                0x00012320      0x3d0 E:/lky/xPack GNU RISC-V Embedded GCC/xpack-riscv-none-elf-gcc-15.2.0-1/bin/../lib/gcc/riscv-none-elf/15.2.0/rv32i/ilp32\libgcc.a(trunctfdf2.o)
                0x00012320                __trunctfdf2
 .text          0x000126f0       0x24 E:/lky/xPack GNU RISC-V Embedded GCC/xpack-riscv-none-elf-gcc-15.2.0-1/bin/../lib/gcc/riscv-none-elf/15.2.0/rv32i/ilp32\libgcc.a(muldi3.o)
                0x000126f0                __mulsi3
 .text          0x00012714       0xb4 E:/lky/xPack GNU RISC-V Embedded GCC/xpack-riscv-none-elf-gcc-15.2.0-1/bin/../lib/gcc/riscv-none-elf/15.2.0/rv32i/ilp32\libgcc.a(div.o)
                0x00012714                __divsi3
                0x0001271c                __udivsi3
                0x0001271c                __hidden___udivsi3
                0x00012764                __umodsi3
                0x00012798                __modsi3
 .text          0x000127c8        0x0 E:/lky/xPack GNU RISC-V Embedded GCC/xpack-riscv-none-elf-gcc-15.2.0-1/bin/../lib/gcc/riscv-none-elf/15.2.0/rv32i/ilp32\libgcc.a(_clz.o)
 .text          0x000127c8        0x0 E:/lky/xPack GNU RISC-V Embedded GCC/xpack-riscv-none-elf-gcc-15.2.0-1/bin/../lib/gcc/riscv-none-elf/15.2.0/rv32i/ilp32\libgcc.a(_clzsi2.o)
 .text.__clzsi2
                0x000127c8       0x88 E:/lky/xPack GNU RISC-V Embedded GCC/xpack-riscv-none-elf-gcc-15.2.0-1/bin/../lib/gcc/riscv-none-elf/15.2.0/rv32i/ilp32\libgcc.a(_clzsi2.o)
                0x000127c8                __clzsi2
 *(.init)
 *(.fini)

.rodata         0x00012850      0xe48
 *(.rodata .rodata.*)
 .rodata        0x00012850       0x3b main.o
 *fill*         0x0001288b        0x1 
 .rodata._puts_r.str1.4
                0x0001288c      0x35f E:/lky/xPack GNU RISC-V Embedded GCC/xpack-riscv-none-elf-gcc-15.2.0-1/bin/../lib/gcc/riscv-none-elf/15.2.0/../../../../riscv-none-elf/lib/rv32i/ilp32\libc.a(libc_a-puts.o)
                                  0x2 (size before relaxing)
 .rodata._vfprintf_r.str1.4
                0x00012beb        0x0 E:/lky/xPack GNU RISC-V Embedded GCC/xpack-riscv-none-elf-gcc-15.2.0-1/bin/../lib/gcc/riscv-none-elf/15.2.0/../../../../riscv-none-elf/lib/rv32i/ilp32\libc.a(libc_a-vfprintf.o)
                                 0x42 (size before relaxing)
 *fill*         0x00012beb        0x1 
 .rodata._vfprintf_r
                0x00012bec      0x16c E:/lky/xPack GNU RISC-V Embedded GCC/xpack-riscv-none-elf-gcc-15.2.0-1/bin/../lib/gcc/riscv-none-elf/15.2.0/../../../../riscv-none-elf/lib/rv32i/ilp32\libc.a(libc_a-vfprintf.o)
 .rodata.zeroes.0
                0x00012d58       0x10 E:/lky/xPack GNU RISC-V Embedded GCC/xpack-riscv-none-elf-gcc-15.2.0-1/bin/../lib/gcc/riscv-none-elf/15.2.0/../../../../riscv-none-elf/lib/rv32i/ilp32\libc.a(libc_a-vfprintf.o)
 .rodata.blanks.1
                0x00012d68       0x10 E:/lky/xPack GNU RISC-V Embedded GCC/xpack-riscv-none-elf-gcc-15.2.0-1/bin/../lib/gcc/riscv-none-elf/15.2.0/../../../../riscv-none-elf/lib/rv32i/ilp32\libc.a(libc_a-vfprintf.o)
 .rodata.currentlocale.str1.4
                0x00012d78        0x0 E:/lky/xPack GNU RISC-V Embedded GCC/xpack-riscv-none-elf-gcc-15.2.0-1/bin/../lib/gcc/riscv-none-elf/15.2.0/../../../../riscv-none-elf/lib/rv32i/ilp32\libc.a(libc_a-locale.o)
                                  0x2 (size before relaxing)
 .rodata.__loadlocale.str1.4
                0x00012d78        0x0 E:/lky/xPack GNU RISC-V Embedded GCC/xpack-riscv-none-elf-gcc-15.2.0-1/bin/../lib/gcc/riscv-none-elf/15.2.0/../../../../riscv-none-elf/lib/rv32i/ilp32\libc.a(libc_a-locale.o)
                                 0xde (size before relaxing)
 .rodata.__loadlocale
                0x00012d78       0xd4 E:/lky/xPack GNU RISC-V Embedded GCC/xpack-riscv-none-elf-gcc-15.2.0-1/bin/../lib/gcc/riscv-none-elf/15.2.0/../../../../riscv-none-elf/lib/rv32i/ilp32\libc.a(libc_a-locale.o)
 .rodata.__get_locale_env.str1.4
                0x00012e4c        0x0 E:/lky/xPack GNU RISC-V Embedded GCC/xpack-riscv-none-elf-gcc-15.2.0-1/bin/../lib/gcc/riscv-none-elf/15.2.0/../../../../riscv-none-elf/lib/rv32i/ilp32\libc.a(libc_a-locale.o)
                                  0xd (size before relaxing)
 .rodata.str1.4
                0x00012e4c        0x0 E:/lky/xPack GNU RISC-V Embedded GCC/xpack-riscv-none-elf-gcc-15.2.0-1/bin/../lib/gcc/riscv-none-elf/15.2.0/../../../../riscv-none-elf/lib/rv32i/ilp32\libc.a(libc_a-locale.o)
                                 0x4c (size before relaxing)
 .rodata.__C_locale
                0x00012e4c      0x16c E:/lky/xPack GNU RISC-V Embedded GCC/xpack-riscv-none-elf-gcc-15.2.0-1/bin/../lib/gcc/riscv-none-elf/15.2.0/../../../../riscv-none-elf/lib/rv32i/ilp32\libc.a(libc_a-locale.o)
                0x00012e4c                __C_locale
 .rodata.categories
                0x00012fb8       0x1c E:/lky/xPack GNU RISC-V Embedded GCC/xpack-riscv-none-elf-gcc-15.2.0-1/bin/../lib/gcc/riscv-none-elf/15.2.0/../../../../riscv-none-elf/lib/rv32i/ilp32\libc.a(libc_a-locale.o)
 .rodata._dtoa_r.str1.4
                0x00012fd4        0x0 E:/lky/xPack GNU RISC-V Embedded GCC/xpack-riscv-none-elf-gcc-15.2.0-1/bin/../lib/gcc/riscv-none-elf/15.2.0/../../../../riscv-none-elf/lib/rv32i/ilp32\libc.a(libc_a-dtoa.o)
                                 0xe1 (size before relaxing)
 .rodata.__jis_mbtowc
                0x00012fd4       0xd8 E:/lky/xPack GNU RISC-V Embedded GCC/xpack-riscv-none-elf-gcc-15.2.0-1/bin/../lib/gcc/riscv-none-elf/15.2.0/../../../../riscv-none-elf/lib/rv32i/ilp32\libc.a(libc_a-mbtowc_r.o)
 .rodata.JIS_action_table
                0x000130ac       0x48 E:/lky/xPack GNU RISC-V Embedded GCC/xpack-riscv-none-elf-gcc-15.2.0-1/bin/../lib/gcc/riscv-none-elf/15.2.0/../../../../riscv-none-elf/lib/rv32i/ilp32\libc.a(libc_a-mbtowc_r.o)
 .rodata.JIS_state_table
                0x000130f4       0x48 E:/lky/xPack GNU RISC-V Embedded GCC/xpack-riscv-none-elf-gcc-15.2.0-1/bin/../lib/gcc/riscv-none-elf/15.2.0/../../../../riscv-none-elf/lib/rv32i/ilp32\libc.a(libc_a-mbtowc_r.o)
 .rodata.__multadd.str1.4
                0x0001313c        0x0 E:/lky/xPack GNU RISC-V Embedded GCC/xpack-riscv-none-elf-gcc-15.2.0-1/bin/../lib/gcc/riscv-none-elf/15.2.0/../../../../riscv-none-elf/lib/rv32i/ilp32\libc.a(libc_a-mprec.o)
                                 0xce (size before relaxing)
 .rodata.p05.0  0x0001313c        0xc E:/lky/xPack GNU RISC-V Embedded GCC/xpack-riscv-none-elf-gcc-15.2.0-1/bin/../lib/gcc/riscv-none-elf/15.2.0/../../../../riscv-none-elf/lib/rv32i/ilp32\libc.a(libc_a-mprec.o)
 .rodata.__mprec_tinytens
                0x00013148       0x28 E:/lky/xPack GNU RISC-V Embedded GCC/xpack-riscv-none-elf-gcc-15.2.0-1/bin/../lib/gcc/riscv-none-elf/15.2.0/../../../../riscv-none-elf/lib/rv32i/ilp32\libc.a(libc_a-mprec.o)
                0x00013148                __mprec_tinytens
 .rodata.__mprec_bigtens
                0x00013170       0x28 E:/lky/xPack GNU RISC-V Embedded GCC/xpack-riscv-none-elf-gcc-15.2.0-1/bin/../lib/gcc/riscv-none-elf/15.2.0/../../../../riscv-none-elf/lib/rv32i/ilp32\libc.a(libc_a-mprec.o)
                0x00013170                __mprec_bigtens
 .rodata.__mprec_tens
                0x00013198       0xc8 E:/lky/xPack GNU RISC-V Embedded GCC/xpack-riscv-none-elf-gcc-15.2.0-1/bin/../lib/gcc/riscv-none-elf/15.2.0/../../../../riscv-none-elf/lib/rv32i/ilp32\libc.a(libc_a-mprec.o)
                0x00013198                __mprec_tens
 .rodata._ctype_
                0x00013260      0x101 E:/lky/xPack GNU RISC-V Embedded GCC/xpack-riscv-none-elf-gcc-15.2.0-1/bin/../lib/gcc/riscv-none-elf/15.2.0/../../../../riscv-none-elf/lib/rv32i/ilp32\libc.a(libc_a-ctype_.o)
                0x00013260                _ctype_
 .rodata.__assert_func.str1.4
                0x00013361        0x0 E:/lky/xPack GNU RISC-V Embedded GCC/xpack-riscv-none-elf-gcc-15.2.0-1/bin/../lib/gcc/riscv-none-elf/15.2.0/../../../../riscv-none-elf/lib/rv32i/ilp32\libc.a(libc_a-assert.o)
                                 0x43 (size before relaxing)
 .rodata._vfiprintf_r.str1.4
                0x00013361        0x0 E:/lky/xPack GNU RISC-V Embedded GCC/xpack-riscv-none-elf-gcc-15.2.0-1/bin/../lib/gcc/riscv-none-elf/15.2.0/../../../../riscv-none-elf/lib/rv32i/ilp32\libc.a(libc_a-vfiprintf.o)
                                 0x2f (size before relaxing)
 *fill*         0x00013361        0x3 
 .rodata._vfiprintf_r
                0x00013364      0x16c E:/lky/xPack GNU RISC-V Embedded GCC/xpack-riscv-none-elf-gcc-15.2.0-1/bin/../lib/gcc/riscv-none-elf/15.2.0/../../../../riscv-none-elf/lib/rv32i/ilp32\libc.a(libc_a-vfiprintf.o)
 .rodata.zeroes.0
                0x000134d0       0x10 E:/lky/xPack GNU RISC-V Embedded GCC/xpack-riscv-none-elf-gcc-15.2.0-1/bin/../lib/gcc/riscv-none-elf/15.2.0/../../../../riscv-none-elf/lib/rv32i/ilp32\libc.a(libc_a-vfiprintf.o)
 .rodata.blanks.1
                0x000134e0       0x10 E:/lky/xPack GNU RISC-V Embedded GCC/xpack-riscv-none-elf-gcc-15.2.0-1/bin/../lib/gcc/riscv-none-elf/15.2.0/../../../../riscv-none-elf/lib/rv32i/ilp32\libc.a(libc_a-vfiprintf.o)
 .rodata.__divdf3
                0x000134f0       0x40 E:/lky/xPack GNU RISC-V Embedded GCC/xpack-riscv-none-elf-gcc-15.2.0-1/bin/../lib/gcc/riscv-none-elf/15.2.0/rv32i/ilp32\libgcc.a(divdf3.o)
 .rodata.__clz_tab
                0x00013530      0x100 E:/lky/xPack GNU RISC-V Embedded GCC/xpack-riscv-none-elf-gcc-15.2.0-1/bin/../lib/gcc/riscv-none-elf/15.2.0/rv32i/ilp32\libgcc.a(_clz.o)
                0x00013530                __clz_tab
 *(.srodata .srodata.*)
 .srodata.cst8  0x00013630       0x68 E:/lky/xPack GNU RISC-V Embedded GCC/xpack-riscv-none-elf-gcc-15.2.0-1/bin/../lib/gcc/riscv-none-elf/15.2.0/../../../../riscv-none-elf/lib/rv32i/ilp32\libc.a(libc_a-vfprintf.o)
                                 0x20 (size before relaxing)
 .srodata.cst8  0x00013698        0x0 E:/lky/xPack GNU RISC-V Embedded GCC/xpack-riscv-none-elf-gcc-15.2.0-1/bin/../lib/gcc/riscv-none-elf/15.2.0/../../../../riscv-none-elf/lib/rv32i/ilp32\libc.a(libm_a-s_frexp.o)
                                  0x8 (size before relaxing)
 .srodata.cst8  0x00013698        0x0 E:/lky/xPack GNU RISC-V Embedded GCC/xpack-riscv-none-elf-gcc-15.2.0-1/bin/../lib/gcc/riscv-none-elf/15.2.0/../../../../riscv-none-elf/lib/rv32i/ilp32\libc.a(libc_a-dtoa.o)
                                 0x48 (size before relaxing)
 .srodata.cst8  0x00013698        0x0 E:/lky/xPack GNU RISC-V Embedded GCC/xpack-riscv-none-elf-gcc-15.2.0-1/bin/../lib/gcc/riscv-none-elf/15.2.0/../../../../riscv-none-elf/lib/rv32i/ilp32\libc.a(libc_a-mprec.o)
                                 0x10 (size before relaxing)

.eh_frame       0x00013698      0x160
 .eh_frame      0x00013698       0xb8 E:/lky/xPack GNU RISC-V Embedded GCC/xpack-riscv-none-elf-gcc-15.2.0-1/bin/../lib/gcc/riscv-none-elf/15.2.0/rv32i/ilp32\libgcc.a(_udivdi3.o)
 .eh_frame      0x00013750       0xa8 E:/lky/xPack GNU RISC-V Embedded GCC/xpack-riscv-none-elf-gcc-15.2.0-1/bin/../lib/gcc/riscv-none-elf/15.2.0/rv32i/ilp32\libgcc.a(_umoddi3.o)
                                 0xbc (size before relaxing)

.rela.dyn       0x000137f8        0x0
 .rela.text     0x000137f8        0x0 start.o

.data           0x10000000      0x7d8 load address 0x000137f8
                0x10000000                        _sdata = .
 *(.data .data.*)
 .data          0x10000000        0x0 start.o
 .data          0x10000000        0x0 main.o
 .data          0x10000000        0x0 syscalls.o
 .data          0x10000000        0x0 E:/lky/xPack GNU RISC-V Embedded GCC/xpack-riscv-none-elf-gcc-15.2.0-1/bin/../lib/gcc/riscv-none-elf/15.2.0/../../../../riscv-none-elf/lib/rv32i/ilp32\libc.a(libc_a-printf.o)
 .data          0x10000000        0x0 E:/lky/xPack GNU RISC-V Embedded GCC/xpack-riscv-none-elf-gcc-15.2.0-1/bin/../lib/gcc/riscv-none-elf/15.2.0/../../../../riscv-none-elf/lib/rv32i/ilp32\libc.a(libc_a-puts.o)
 .data          0x10000000        0x0 E:/lky/xPack GNU RISC-V Embedded GCC/xpack-riscv-none-elf-gcc-15.2.0-1/bin/../lib/gcc/riscv-none-elf/15.2.0/../../../../riscv-none-elf/lib/rv32i/ilp32\libc.a(libc_a-impure.o)
 .data._impure_data
                0x10000000      0x140 E:/lky/xPack GNU RISC-V Embedded GCC/xpack-riscv-none-elf-gcc-15.2.0-1/bin/../lib/gcc/riscv-none-elf/15.2.0/../../../../riscv-none-elf/lib/rv32i/ilp32\libc.a(libc_a-impure.o)
                0x10000000                _impure_data
 .data          0x10000140        0x0 E:/lky/xPack GNU RISC-V Embedded GCC/xpack-riscv-none-elf-gcc-15.2.0-1/bin/../lib/gcc/riscv-none-elf/15.2.0/../../../../riscv-none-elf/lib/rv32i/ilp32\libc.a(libc_a-lock.o)
 .data          0x10000140        0x0 E:/lky/xPack GNU RISC-V Embedded GCC/xpack-riscv-none-elf-gcc-15.2.0-1/bin/../lib/gcc/riscv-none-elf/15.2.0/../../../../riscv-none-elf/lib/rv32i/ilp32\libc.a(libc_a-strlen.o)
 .data          0x10000140        0x0 E:/lky/xPack GNU RISC-V Embedded GCC/xpack-riscv-none-elf-gcc-15.2.0-1/bin/../lib/gcc/riscv-none-elf/15.2.0/../../../../riscv-none-elf/lib/rv32i/ilp32\libc.a(libc_a-vfprintf.o)
 .data          0x10000140        0x0 E:/lky/xPack GNU RISC-V Embedded GCC/xpack-riscv-none-elf-gcc-15.2.0-1/bin/../lib/gcc/riscv-none-elf/15.2.0/../../../../riscv-none-elf/lib/rv32i/ilp32\libc.a(libc_a-sprint_r.o)
 .data          0x10000140        0x0 E:/lky/xPack GNU RISC-V Embedded GCC/xpack-riscv-none-elf-gcc-15.2.0-1/bin/../lib/gcc/riscv-none-elf/15.2.0/../../../../riscv-none-elf/lib/rv32i/ilp32\libc.a(libc_a-fflush.o)
 .data          0x10000140        0x0 E:/lky/xPack GNU RISC-V Embedded GCC/xpack-riscv-none-elf-gcc-15.2.0-1/bin/../lib/gcc/riscv-none-elf/15.2.0/../../../../riscv-none-elf/lib/rv32i/ilp32\libc.a(libc_a-findfp.o)
 .data.__sglue  0x10000140        0xc E:/lky/xPack GNU RISC-V Embedded GCC/xpack-riscv-none-elf-gcc-15.2.0-1/bin/../lib/gcc/riscv-none-elf/15.2.0/../../../../riscv-none-elf/lib/rv32i/ilp32\libc.a(libc_a-findfp.o)
                0x10000140                __sglue
 .data          0x1000014c        0x0 E:/lky/xPack GNU RISC-V Embedded GCC/xpack-riscv-none-elf-gcc-15.2.0-1/bin/../lib/gcc/riscv-none-elf/15.2.0/../../../../riscv-none-elf/lib/rv32i/ilp32\libc.a(libc_a-fvwrite.o)
 .data          0x1000014c        0x0 E:/lky/xPack GNU RISC-V Embedded GCC/xpack-riscv-none-elf-gcc-15.2.0-1/bin/../lib/gcc/riscv-none-elf/15.2.0/../../../../riscv-none-elf/lib/rv32i/ilp32\libc.a(libc_a-fwalk.o)
 .data          0x1000014c        0x0 E:/lky/xPack GNU RISC-V Embedded GCC/xpack-riscv-none-elf-gcc-15.2.0-1/bin/../lib/gcc/riscv-none-elf/15.2.0/../../../../riscv-none-elf/lib/rv32i/ilp32\libc.a(libc_a-stdio.o)
 .data          0x1000014c        0x0 E:/lky/xPack GNU RISC-V Embedded GCC/xpack-riscv-none-elf-gcc-15.2.0-1/bin/../lib/gcc/riscv-none-elf/15.2.0/../../../../riscv-none-elf/lib/rv32i/ilp32\libc.a(libc_a-wsetup.o)
 .data          0x1000014c        0x0 E:/lky/xPack GNU RISC-V Embedded GCC/xpack-riscv-none-elf-gcc-15.2.0-1/bin/../lib/gcc/riscv-none-elf/15.2.0/../../../../riscv-none-elf/lib/rv32i/ilp32\libc.a(libc_a-memchr.o)
 .data          0x1000014c        0x0 E:/lky/xPack GNU RISC-V Embedded GCC/xpack-riscv-none-elf-gcc-15.2.0-1/bin/../lib/gcc/riscv-none-elf/15.2.0/../../../../riscv-none-elf/lib/rv32i/ilp32\libc.a(libc_a-strncpy.o)
 .data          0x1000014c        0x0 E:/lky/xPack GNU RISC-V Embedded GCC/xpack-riscv-none-elf-gcc-15.2.0-1/bin/../lib/gcc/riscv-none-elf/15.2.0/../../../../riscv-none-elf/lib/rv32i/ilp32\libc.a(libc_a-locale.o)
 .data.global_locale_string
                0x1000014c       0xe7 E:/lky/xPack GNU RISC-V Embedded GCC/xpack-riscv-none-elf-gcc-15.2.0-1/bin/../lib/gcc/riscv-none-elf/15.2.0/../../../../riscv-none-elf/lib/rv32i/ilp32\libc.a(libc_a-locale.o)
 *fill*         0x10000233        0x1 
 .data.__global_locale
                0x10000234      0x16c E:/lky/xPack GNU RISC-V Embedded GCC/xpack-riscv-none-elf-gcc-15.2.0-1/bin/../lib/gcc/riscv-none-elf/15.2.0/../../../../riscv-none-elf/lib/rv32i/ilp32\libc.a(libc_a-locale.o)
                0x10000234                __global_locale
 .data.__default_locale
                0x100003a0       0x20 E:/lky/xPack GNU RISC-V Embedded GCC/xpack-riscv-none-elf-gcc-15.2.0-1/bin/../lib/gcc/riscv-none-elf/15.2.0/../../../../riscv-none-elf/lib/rv32i/ilp32\libc.a(libc_a-locale.o)
                0x100003a0                __default_locale
 .data          0x100003c0        0x0 E:/lky/xPack GNU RISC-V Embedded GCC/xpack-riscv-none-elf-gcc-15.2.0-1/bin/../lib/gcc/riscv-none-elf/15.2.0/../../../../riscv-none-elf/lib/rv32i/ilp32\libc.a(libc_a-localeconv.o)
 .data          0x100003c0        0x0 E:/lky/xPack GNU RISC-V Embedded GCC/xpack-riscv-none-elf-gcc-15.2.0-1/bin/../lib/gcc/riscv-none-elf/15.2.0/../../../../riscv-none-elf/lib/rv32i/ilp32\libc.a(libc_a-closer.o)
 .data          0x100003c0        0x0 E:/lky/xPack GNU RISC-V Embedded GCC/xpack-riscv-none-elf-gcc-15.2.0-1/bin/../lib/gcc/riscv-none-elf/15.2.0/../../../../riscv-none-elf/lib/rv32i/ilp32\libc.a(libc_a-reent.o)
 .data          0x100003c0        0x0 E:/lky/xPack GNU RISC-V Embedded GCC/xpack-riscv-none-elf-gcc-15.2.0-1/bin/../lib/gcc/riscv-none-elf/15.2.0/../../../../riscv-none-elf/lib/rv32i/ilp32\libc.a(libc_a-lseekr.o)
 .data          0x100003c0        0x0 E:/lky/xPack GNU RISC-V Embedded GCC/xpack-riscv-none-elf-gcc-15.2.0-1/bin/../lib/gcc/riscv-none-elf/15.2.0/../../../../riscv-none-elf/lib/rv32i/ilp32\libc.a(libc_a-readr.o)
 .data          0x100003c0        0x0 E:/lky/xPack GNU RISC-V Embedded GCC/xpack-riscv-none-elf-gcc-15.2.0-1/bin/../lib/gcc/riscv-none-elf/15.2.0/../../../../riscv-none-elf/lib/rv32i/ilp32\libc.a(libc_a-writer.o)
 .data          0x100003c0        0x0 E:/lky/xPack GNU RISC-V Embedded GCC/xpack-riscv-none-elf-gcc-15.2.0-1/bin/../lib/gcc/riscv-none-elf/15.2.0/../../../../riscv-none-elf/lib/rv32i/ilp32\libc.a(libc_a-memmove-stub.o)
 .data          0x100003c0        0x0 E:/lky/xPack GNU RISC-V Embedded GCC/xpack-riscv-none-elf-gcc-15.2.0-1/bin/../lib/gcc/riscv-none-elf/15.2.0/../../../../riscv-none-elf/lib/rv32i/ilp32\libc.a(libc_a-memset.o)
 .data          0x100003c0        0x0 E:/lky/xPack GNU RISC-V Embedded GCC/xpack-riscv-none-elf-gcc-15.2.0-1/bin/../lib/gcc/riscv-none-elf/15.2.0/../../../../riscv-none-elf/lib/rv32i/ilp32\libc.a(libc_a-memcpy.o)
 .data          0x100003c0        0x0 E:/lky/xPack GNU RISC-V Embedded GCC/xpack-riscv-none-elf-gcc-15.2.0-1/bin/../lib/gcc/riscv-none-elf/15.2.0/../../../../riscv-none-elf/lib/rv32i/ilp32\libc.a(libc_a-strcpy.o)
 .data          0x100003c0        0x0 E:/lky/xPack GNU RISC-V Embedded GCC/xpack-riscv-none-elf-gcc-15.2.0-1/bin/../lib/gcc/riscv-none-elf/15.2.0/../../../../riscv-none-elf/lib/rv32i/ilp32\libc.a(libc_a-strcmp.o)
 .data          0x100003c0        0x0 E:/lky/xPack GNU RISC-V Embedded GCC/xpack-riscv-none-elf-gcc-15.2.0-1/bin/../lib/gcc/riscv-none-elf/15.2.0/../../../../riscv-none-elf/lib/rv32i/ilp32\libc.a(libm_a-s_frexp.o)
 .data          0x100003c0        0x0 E:/lky/xPack GNU RISC-V Embedded GCC/xpack-riscv-none-elf-gcc-15.2.0-1/bin/../lib/gcc/riscv-none-elf/15.2.0/../../../../riscv-none-elf/lib/rv32i/ilp32\libc.a(libc_a-dtoa.o)
 .data          0x100003c0        0x0 E:/lky/xPack GNU RISC-V Embedded GCC/xpack-riscv-none-elf-gcc-15.2.0-1/bin/../lib/gcc/riscv-none-elf/15.2.0/../../../../riscv-none-elf/lib/rv32i/ilp32\libc.a(libc_a-freer.o)
 .data          0x100003c0        0x0 E:/lky/xPack GNU RISC-V Embedded GCC/xpack-riscv-none-elf-gcc-15.2.0-1/bin/../lib/gcc/riscv-none-elf/15.2.0/../../../../riscv-none-elf/lib/rv32i/ilp32\libc.a(libc_a-getenv_r.o)
 .data          0x100003c0        0x0 E:/lky/xPack GNU RISC-V Embedded GCC/xpack-riscv-none-elf-gcc-15.2.0-1/bin/../lib/gcc/riscv-none-elf/15.2.0/../../../../riscv-none-elf/lib/rv32i/ilp32\libc.a(libc_a-mallocr.o)
 .data.__malloc_av_
                0x100003c0      0x408 E:/lky/xPack GNU RISC-V Embedded GCC/xpack-riscv-none-elf-gcc-15.2.0-1/bin/../lib/gcc/riscv-none-elf/15.2.0/../../../../riscv-none-elf/lib/rv32i/ilp32\libc.a(libc_a-mallocr.o)
                0x100003c0                __malloc_av_
 .data          0x100007c8        0x0 E:/lky/xPack GNU RISC-V Embedded GCC/xpack-riscv-none-elf-gcc-15.2.0-1/bin/../lib/gcc/riscv-none-elf/15.2.0/../../../../riscv-none-elf/lib/rv32i/ilp32\libc.a(libc_a-mbtowc_r.o)
 .data          0x100007c8        0x0 E:/lky/xPack GNU RISC-V Embedded GCC/xpack-riscv-none-elf-gcc-15.2.0-1/bin/../lib/gcc/riscv-none-elf/15.2.0/../../../../riscv-none-elf/lib/rv32i/ilp32\libc.a(libc_a-mlock.o)
 .data          0x100007c8        0x0 E:/lky/xPack GNU RISC-V Embedded GCC/xpack-riscv-none-elf-gcc-15.2.0-1/bin/../lib/gcc/riscv-none-elf/15.2.0/../../../../riscv-none-elf/lib/rv32i/ilp32\libc.a(libc_a-mprec.o)
 .data          0x100007c8        0x0 E:/lky/xPack GNU RISC-V Embedded GCC/xpack-riscv-none-elf-gcc-15.2.0-1/bin/../lib/gcc/riscv-none-elf/15.2.0/../../../../riscv-none-elf/lib/rv32i/ilp32\libc.a(libc_a-reallocr.o)
 .data          0x100007c8        0x0 E:/lky/xPack GNU RISC-V Embedded GCC/xpack-riscv-none-elf-gcc-15.2.0-1/bin/../lib/gcc/riscv-none-elf/15.2.0/../../../../riscv-none-elf/lib/rv32i/ilp32\libc.a(libc_a-strtol.o)
 .data          0x100007c8        0x0 E:/lky/xPack GNU RISC-V Embedded GCC/xpack-riscv-none-elf-gcc-15.2.0-1/bin/../lib/gcc/riscv-none-elf/15.2.0/../../../../riscv-none-elf/lib/rv32i/ilp32\libc.a(libc_a-wctomb_r.o)
 .data          0x100007c8        0x0 E:/lky/xPack GNU RISC-V Embedded GCC/xpack-riscv-none-elf-gcc-15.2.0-1/bin/../lib/gcc/riscv-none-elf/15.2.0/../../../../riscv-none-elf/lib/rv32i/ilp32\libc.a(libc_a-wcrtomb.o)
 .data          0x100007c8        0x0 E:/lky/xPack GNU RISC-V Embedded GCC/xpack-riscv-none-elf-gcc-15.2.0-1/bin/../lib/gcc/riscv-none-elf/15.2.0/../../../../riscv-none-elf/lib/rv32i/ilp32\libc.a(libc_a-wcsrtombs.o)
 .data          0x100007c8        0x0 E:/lky/xPack GNU RISC-V Embedded GCC/xpack-riscv-none-elf-gcc-15.2.0-1/bin/../lib/gcc/riscv-none-elf/15.2.0/../../../../riscv-none-elf/lib/rv32i/ilp32\libc.a(libc_a-ctype_.o)
 .data          0x100007c8        0x0 E:/lky/xPack GNU RISC-V Embedded GCC/xpack-riscv-none-elf-gcc-15.2.0-1/bin/../lib/gcc/riscv-none-elf/15.2.0/../../../../riscv-none-elf/lib/rv32i/ilp32\libc.a(libc_a-fclose.o)
 .data          0x100007c8        0x0 E:/lky/xPack GNU RISC-V Embedded GCC/xpack-riscv-none-elf-gcc-15.2.0-1/bin/../lib/gcc/riscv-none-elf/15.2.0/../../../../riscv-none-elf/lib/rv32i/ilp32\libc.a(libc_a-makebuf.o)
 .data          0x100007c8        0x0 E:/lky/xPack GNU RISC-V Embedded GCC/xpack-riscv-none-elf-gcc-15.2.0-1/bin/../lib/gcc/riscv-none-elf/15.2.0/../../../../riscv-none-elf/lib/rv32i/ilp32\libc.a(libc_a-strcasecmp.o)
 .data          0x100007c8        0x0 E:/lky/xPack GNU RISC-V Embedded GCC/xpack-riscv-none-elf-gcc-15.2.0-1/bin/../lib/gcc/riscv-none-elf/15.2.0/../../../../riscv-none-elf/lib/rv32i/ilp32\libc.a(libc_a-strcat.o)
 .data          0x100007c8        0x0 E:/lky/xPack GNU RISC-V Embedded GCC/xpack-riscv-none-elf-gcc-15.2.0-1/bin/../lib/gcc/riscv-none-elf/15.2.0/../../../../riscv-none-elf/lib/rv32i/ilp32\libc.a(libc_a-strchr.o)
 .data          0x100007c8        0x0 E:/lky/xPack GNU RISC-V Embedded GCC/xpack-riscv-none-elf-gcc-15.2.0-1/bin/../lib/gcc/riscv-none-elf/15.2.0/../../../../riscv-none-elf/lib/rv32i/ilp32\libc.a(libc_a-strlcpy.o)
 .data          0x100007c8        0x0 E:/lky/xPack GNU RISC-V Embedded GCC/xpack-riscv-none-elf-gcc-15.2.0-1/bin/../lib/gcc/riscv-none-elf/15.2.0/../../../../riscv-none-elf/lib/rv32i/ilp32\libc.a(libc_a-strncasecmp.o)
 .data          0x100007c8        0x0 E:/lky/xPack GNU RISC-V Embedded GCC/xpack-riscv-none-elf-gcc-15.2.0-1/bin/../lib/gcc/riscv-none-elf/15.2.0/../../../../riscv-none-elf/lib/rv32i/ilp32\libc.a(libc_a-strncmp.o)
 .data          0x100007c8        0x0 E:/lky/xPack GNU RISC-V Embedded GCC/xpack-riscv-none-elf-gcc-15.2.0-1/bin/../lib/gcc/riscv-none-elf/15.2.0/../../../../riscv-none-elf/lib/rv32i/ilp32\libc.a(libc_a-fstatr.o)
 .data          0x100007c8        0x0 E:/lky/xPack GNU RISC-V Embedded GCC/xpack-riscv-none-elf-gcc-15.2.0-1/bin/../lib/gcc/riscv-none-elf/15.2.0/../../../../riscv-none-elf/lib/rv32i/ilp32\libc.a(libc_a-isattyr.o)
 .data          0x100007c8        0x0 E:/lky/xPack GNU RISC-V Embedded GCC/xpack-riscv-none-elf-gcc-15.2.0-1/bin/../lib/gcc/riscv-none-elf/15.2.0/../../../../riscv-none-elf/lib/rv32i/ilp32\libc.a(libc_a-sbrkr.o)
 .data          0x100007c8        0x0 E:/lky/xPack GNU RISC-V Embedded GCC/xpack-riscv-none-elf-gcc-15.2.0-1/bin/../lib/gcc/riscv-none-elf/15.2.0/../../../../riscv-none-elf/lib/rv32i/ilp32\libc.a(libc_a-errno.o)
 .data          0x100007c8        0x0 E:/lky/xPack GNU RISC-V Embedded GCC/xpack-riscv-none-elf-gcc-15.2.0-1/bin/../lib/gcc/riscv-none-elf/15.2.0/../../../../riscv-none-elf/lib/rv32i/ilp32\libc.a(libc_a-assert.o)
 .data          0x100007c8        0x0 E:/lky/xPack GNU RISC-V Embedded GCC/xpack-riscv-none-elf-gcc-15.2.0-1/bin/../lib/gcc/riscv-none-elf/15.2.0/../../../../riscv-none-elf/lib/rv32i/ilp32\libc.a(libc_a-callocr.o)
 .data          0x100007c8        0x0 E:/lky/xPack GNU RISC-V Embedded GCC/xpack-riscv-none-elf-gcc-15.2.0-1/bin/../lib/gcc/riscv-none-elf/15.2.0/../../../../riscv-none-elf/lib/rv32i/ilp32\libc.a(libc_a-environ.o)
 .data          0x100007c8        0x0 E:/lky/xPack GNU RISC-V Embedded GCC/xpack-riscv-none-elf-gcc-15.2.0-1/bin/../lib/gcc/riscv-none-elf/15.2.0/../../../../riscv-none-elf/lib/rv32i/ilp32\libc.a(libc_a-envlock.o)
 .data          0x100007c8        0x0 E:/lky/xPack GNU RISC-V Embedded GCC/xpack-riscv-none-elf-gcc-15.2.0-1/bin/../lib/gcc/riscv-none-elf/15.2.0/../../../../riscv-none-elf/lib/rv32i/ilp32\libc.a(libc_a-wcsnrtombs.o)
 .data          0x100007c8        0x0 E:/lky/xPack GNU RISC-V Embedded GCC/xpack-riscv-none-elf-gcc-15.2.0-1/bin/../lib/gcc/riscv-none-elf/15.2.0/../../../../riscv-none-elf/lib/rv32i/ilp32\libc.a(libc_a-fiprintf.o)
 .data          0x100007c8        0x0 E:/lky/xPack GNU RISC-V Embedded GCC/xpack-riscv-none-elf-gcc-15.2.0-1/bin/../lib/gcc/riscv-none-elf/15.2.0/../../../../riscv-none-elf/lib/rv32i/ilp32\libc.a(libc_a-vfiprintf.o)
 .data          0x100007c8        0x0 E:/lky/xPack GNU RISC-V Embedded GCC/xpack-riscv-none-elf-gcc-15.2.0-1/bin/../lib/gcc/riscv-none-elf/15.2.0/../../../../riscv-none-elf/lib/rv32i/ilp32\libc.a(libc_a-abort.o)
 .data          0x100007c8        0x0 E:/lky/xPack GNU RISC-V Embedded GCC/xpack-riscv-none-elf-gcc-15.2.0-1/bin/../lib/gcc/riscv-none-elf/15.2.0/../../../../riscv-none-elf/lib/rv32i/ilp32\libc.a(libc_a-signal.o)
 .data          0x100007c8        0x0 E:/lky/xPack GNU RISC-V Embedded GCC/xpack-riscv-none-elf-gcc-15.2.0-1/bin/../lib/gcc/riscv-none-elf/15.2.0/../../../../riscv-none-elf/lib/rv32i/ilp32\libc.a(libc_a-signalr.o)
 .data          0x100007c8        0x0 E:/lky/xPack GNU RISC-V Embedded GCC/xpack-riscv-none-elf-gcc-15.2.0-1/bin/../lib/gcc/riscv-none-elf/15.2.0/rv32i/ilp32\libgcc.a(_udivdi3.o)
 .data          0x100007c8        0x0 E:/lky/xPack GNU RISC-V Embedded GCC/xpack-riscv-none-elf-gcc-15.2.0-1/bin/../lib/gcc/riscv-none-elf/15.2.0/rv32i/ilp32\libgcc.a(_umoddi3.o)
 .data          0x100007c8        0x0 E:/lky/xPack GNU RISC-V Embedded GCC/xpack-riscv-none-elf-gcc-15.2.0-1/bin/../lib/gcc/riscv-none-elf/15.2.0/rv32i/ilp32\libgcc.a(adddf3.o)
 .data          0x100007c8        0x0 E:/lky/xPack GNU RISC-V Embedded GCC/xpack-riscv-none-elf-gcc-15.2.0-1/bin/../lib/gcc/riscv-none-elf/15.2.0/rv32i/ilp32\libgcc.a(divdf3.o)
 .data          0x100007c8        0x0 E:/lky/xPack GNU RISC-V Embedded GCC/xpack-riscv-none-elf-gcc-15.2.0-1/bin/../lib/gcc/riscv-none-elf/15.2.0/rv32i/ilp32\libgcc.a(eqdf2.o)
 .data          0x100007c8        0x0 E:/lky/xPack GNU RISC-V Embedded GCC/xpack-riscv-none-elf-gcc-15.2.0-1/bin/../lib/gcc/riscv-none-elf/15.2.0/rv32i/ilp32\libgcc.a(gedf2.o)
 .data          0x100007c8        0x0 E:/lky/xPack GNU RISC-V Embedded GCC/xpack-riscv-none-elf-gcc-15.2.0-1/bin/../lib/gcc/riscv-none-elf/15.2.0/rv32i/ilp32\libgcc.a(ledf2.o)
 .data          0x100007c8        0x0 E:/lky/xPack GNU RISC-V Embedded GCC/xpack-riscv-none-elf-gcc-15.2.0-1/bin/../lib/gcc/riscv-none-elf/15.2.0/rv32i/ilp32\libgcc.a(muldf3.o)
 .data          0x100007c8        0x0 E:/lky/xPack GNU RISC-V Embedded GCC/xpack-riscv-none-elf-gcc-15.2.0-1/bin/../lib/gcc/riscv-none-elf/15.2.0/rv32i/ilp32\libgcc.a(subdf3.o)
 .data          0x100007c8        0x0 E:/lky/xPack GNU RISC-V Embedded GCC/xpack-riscv-none-elf-gcc-15.2.0-1/bin/../lib/gcc/riscv-none-elf/15.2.0/rv32i/ilp32\libgcc.a(unorddf2.o)
 .data          0x100007c8        0x0 E:/lky/xPack GNU RISC-V Embedded GCC/xpack-riscv-none-elf-gcc-15.2.0-1/bin/../lib/gcc/riscv-none-elf/15.2.0/rv32i/ilp32\libgcc.a(fixdfsi.o)
 .data          0x100007c8        0x0 E:/lky/xPack GNU RISC-V Embedded GCC/xpack-riscv-none-elf-gcc-15.2.0-1/bin/../lib/gcc/riscv-none-elf/15.2.0/rv32i/ilp32\libgcc.a(floatsidf.o)
 .data          0x100007c8        0x0 E:/lky/xPack GNU RISC-V Embedded GCC/xpack-riscv-none-elf-gcc-15.2.0-1/bin/../lib/gcc/riscv-none-elf/15.2.0/rv32i/ilp32\libgcc.a(floatunsidf.o)
 .data          0x100007c8        0x0 E:/lky/xPack GNU RISC-V Embedded GCC/xpack-riscv-none-elf-gcc-15.2.0-1/bin/../lib/gcc/riscv-none-elf/15.2.0/rv32i/ilp32\libgcc.a(trunctfdf2.o)
 .data          0x100007c8        0x0 E:/lky/xPack GNU RISC-V Embedded GCC/xpack-riscv-none-elf-gcc-15.2.0-1/bin/../lib/gcc/riscv-none-elf/15.2.0/rv32i/ilp32\libgcc.a(muldi3.o)
 .data          0x100007c8        0x0 E:/lky/xPack GNU RISC-V Embedded GCC/xpack-riscv-none-elf-gcc-15.2.0-1/bin/../lib/gcc/riscv-none-elf/15.2.0/rv32i/ilp32\libgcc.a(div.o)
 .data          0x100007c8        0x0 E:/lky/xPack GNU RISC-V Embedded GCC/xpack-riscv-none-elf-gcc-15.2.0-1/bin/../lib/gcc/riscv-none-elf/15.2.0/rv32i/ilp32\libgcc.a(_clz.o)
 .data          0x100007c8        0x0 E:/lky/xPack GNU RISC-V Embedded GCC/xpack-riscv-none-elf-gcc-15.2.0-1/bin/../lib/gcc/riscv-none-elf/15.2.0/rv32i/ilp32\libgcc.a(_clzsi2.o)
 *(.sdata .sdata.*)
 .sdata._impure_ptr
                0x100007c8        0x4 E:/lky/xPack GNU RISC-V Embedded GCC/xpack-riscv-none-elf-gcc-15.2.0-1/bin/../lib/gcc/riscv-none-elf/15.2.0/../../../../riscv-none-elf/lib/rv32i/ilp32\libc.a(libc_a-impure.o)
                0x100007c8                _impure_ptr
 .sdata.__malloc_sbrk_base
                0x100007cc        0x4 E:/lky/xPack GNU RISC-V Embedded GCC/xpack-riscv-none-elf-gcc-15.2.0-1/bin/../lib/gcc/riscv-none-elf/15.2.0/../../../../riscv-none-elf/lib/rv32i/ilp32\libc.a(libc_a-mallocr.o)
                0x100007cc                __malloc_sbrk_base
 .sdata.__malloc_trim_threshold
                0x100007d0        0x4 E:/lky/xPack GNU RISC-V Embedded GCC/xpack-riscv-none-elf-gcc-15.2.0-1/bin/../lib/gcc/riscv-none-elf/15.2.0/../../../../riscv-none-elf/lib/rv32i/ilp32\libc.a(libc_a-mallocr.o)
                0x100007d0                __malloc_trim_threshold
 .sdata.environ
                0x100007d4        0x4 E:/lky/xPack GNU RISC-V Embedded GCC/xpack-riscv-none-elf-gcc-15.2.0-1/bin/../lib/gcc/riscv-none-elf/15.2.0/../../../../riscv-none-elf/lib/rv32i/ilp32\libc.a(libc_a-environ.o)
                0x100007d4                environ
                0x100007d8                        _edata = .
                0x000137f8                        _sidata = LOADADDR (.data)

.bss            0x100007d8      0x364 load address 0x00013fd0
                0x100007d8                        _sbss = .
 *(.bss .bss.*)
 .bss           0x100007d8        0x0 start.o
 .bss           0x100007d8        0x4 main.o
 .bss           0x100007dc        0x4 syscalls.o
 .bss           0x100007e0        0x0 E:/lky/xPack GNU RISC-V Embedded GCC/xpack-riscv-none-elf-gcc-15.2.0-1/bin/../lib/gcc/riscv-none-elf/15.2.0/../../../../riscv-none-elf/lib/rv32i/ilp32\libc.a(libc_a-printf.o)
 .bss           0x100007e0        0x0 E:/lky/xPack GNU RISC-V Embedded GCC/xpack-riscv-none-elf-gcc-15.2.0-1/bin/../lib/gcc/riscv-none-elf/15.2.0/../../../../riscv-none-elf/lib/rv32i/ilp32\libc.a(libc_a-puts.o)
 .bss           0x100007e0        0x0 E:/lky/xPack GNU RISC-V Embedded GCC/xpack-riscv-none-elf-gcc-15.2.0-1/bin/../lib/gcc/riscv-none-elf/15.2.0/../../../../riscv-none-elf/lib/rv32i/ilp32\libc.a(libc_a-impure.o)
 .bss           0x100007e0        0x0 E:/lky/xPack GNU RISC-V Embedded GCC/xpack-riscv-none-elf-gcc-15.2.0-1/bin/../lib/gcc/riscv-none-elf/15.2.0/../../../../riscv-none-elf/lib/rv32i/ilp32\libc.a(libc_a-lock.o)