#-----------------------------------------------------------
# Vivado v2024.1 (64-bit)
# SW Build 5076996 on Wed May 22 18:37:14 MDT 2024
# IP Build 5075265 on Wed May 22 21:45:21 MDT 2024
# SharedData Build 5076995 on Wed May 22 18:29:18 MDT 2024
# Start of session at: Mon Jan 19 19:02:41 2026
# Process ID: 5988
# Current directory: E:/lky/study/FPGA_Robot_Car/01_Fpga_Logic/cpu_test2/project_1/project_1.runs/impl_1
# Command line: vivado.exe -log riscv_top.vdi -applog -product Vivado -messageDb vivado.pb -mode batch -source riscv_top.tcl -notrace
# Log file: E:/lky/study/FPGA_Robot_Car/01_Fpga_Logic/cpu_test2/project_1/project_1.runs/impl_1/riscv_top.vdi
# Journal file: E:/lky/study/FPGA_Robot_Car/01_Fpga_Logic/cpu_test2/project_1/project_1.runs/impl_1\vivado.jou
# Running On        :LAPTOP-RFCDB03I
# Platform          :Windows Server 2016 or Windows 10
# Operating System  :19045
# Processor Detail  :Intel(R) Core(TM) i7-8550U CPU @ 1.80GHz
# CPU Frequency     :1992 MHz
# CPU Physical cores:4
# CPU Logical cores :8
# Host memory       :8468 MB
# Swap memory       :5865 MB
# Total Virtual     :14333 MB
# Available Virtual :2982 MB
#-----------------------------------------------------------
source riscv_top.tcl -notrace
